C:/Users/lenat/STM32CubeIDE/workspace_1.18.1/STEVAL-25R3916B_V2.1.0/Middlewares/ST/Reader_common/firmware/STM/STM32/Src/bootloader.c:41:6:bootloaderEnter	8	static,ignoring_inline_asm
C:/Users/lenat/STM32CubeIDE/workspace_1.18.1/STEVAL-25R3916B_V2.1.0/Middlewares/ST/Reader_common/firmware/STM/STM32/Src/bootloader.c:58:6:bootloaderReboot	8	static
C:/Users/lenat/STM32CubeIDE/workspace_1.18.1/STEVAL-25R3916B_V2.1.0/Middlewares/ST/Reader_common/firmware/STM/STM32/Src/bootloader.c:66:6:bootloaderCheck4Enter	8	static
