C:/Users/lenat/STM32CubeIDE/workspace_1.18.1/STEVAL-25R3916B_V2.1.0/Projects/ST25-Discovery/Demonstrations/ST25R3916Demo/Src/aat.c:112:6:updateCursorText	24	static
C:/Users/lenat/STM32CubeIDE/workspace_1.18.1/STEVAL-25R3916B_V2.1.0/Projects/ST25-Discovery/Demonstrations/ST25R3916Demo/Src/aat.c:87:13:drawNeedle	72	static
C:/Users/lenat/STM32CubeIDE/workspace_1.18.1/STEVAL-25R3916B_V2.1.0/Projects/ST25-Discovery/Demonstrations/ST25R3916Demo/Src/aat.c:149:6:setDefaultCapacitance	8	static
C:/Users/lenat/STM32CubeIDE/workspace_1.18.1/STEVAL-25R3916B_V2.1.0/Projects/ST25-Discovery/Demonstrations/ST25R3916Demo/Src/aat.c:166:6:startAAT	144	static
