C:/Users/lenat/STM32CubeIDE/workspace_1.18.1/STEVAL-25R3916B_V2.1.0/Projects/ST25-Discovery/Demonstrations/ST25R3916Demo/Src/flashl4_if.c:291:13:TransferComplete	8	static
C:/Users/lenat/STM32CubeIDE/workspace_1.18.1/STEVAL-25R3916B_V2.1.0/Projects/ST25-Discovery/Demonstrations/ST25R3916Demo/Src/flashl4_if.c:303:13:TransferError	8	static
C:/Users/lenat/STM32CubeIDE/workspace_1.18.1/STEVAL-25R3916B_V2.1.0/Projects/ST25-Discovery/Demonstrations/ST25R3916Demo/Src/flashl4_if.c:74:6:FLASH_If_FlashLock	8	static
C:/Users/lenat/STM32CubeIDE/workspace_1.18.1/STEVAL-25R3916B_V2.1.0/Projects/ST25-Discovery/Demonstrations/ST25R3916Demo/Src/flashl4_if.c:84:6:FLASH_If_FlashUnlock	8	static
C:/Users/lenat/STM32CubeIDE/workspace_1.18.1/STEVAL-25R3916B_V2.1.0/Projects/ST25-Discovery/Demonstrations/ST25R3916Demo/Src/flashl4_if.c:94:12:FLASH_If_ReadOutProtectionStatus	8	static
C:/Users/lenat/STM32CubeIDE/workspace_1.18.1/STEVAL-25R3916B_V2.1.0/Projects/ST25-Discovery/Demonstrations/ST25R3916Demo/Src/flashl4_if.c:119:10:FLASH_If_GetPage	0	static
C:/Users/lenat/STM32CubeIDE/workspace_1.18.1/STEVAL-25R3916B_V2.1.0/Projects/ST25-Discovery/Demonstrations/ST25R3916Demo/Src/flashl4_if.c:142:10:FLASH_If_GetBank	0	static
C:/Users/lenat/STM32CubeIDE/workspace_1.18.1/STEVAL-25R3916B_V2.1.0/Projects/ST25-Discovery/Demonstrations/ST25R3916Demo/Src/flashl4_if.c:181:10:FLASH_If_MassErase	8	static
C:/Users/lenat/STM32CubeIDE/workspace_1.18.1/STEVAL-25R3916B_V2.1.0/Projects/ST25-Discovery/Demonstrations/ST25R3916Demo/Src/flashl4_if.c:206:10:FLASH_If_PageErase	16	static
C:/Users/lenat/STM32CubeIDE/workspace_1.18.1/STEVAL-25R3916B_V2.1.0/Projects/ST25-Discovery/Demonstrations/ST25R3916Demo/Src/flashl4_if.c:242:6:FLASH_If_DMA_Init	16	static
C:/Users/lenat/STM32CubeIDE/workspace_1.18.1/STEVAL-25R3916B_V2.1.0/Projects/ST25-Discovery/Demonstrations/ST25R3916Demo/Src/flashl4_if.c:274:6:FLASH_If_DMA_DeInit	8	static
C:/Users/lenat/STM32CubeIDE/workspace_1.18.1/STEVAL-25R3916B_V2.1.0/Projects/ST25-Discovery/Demonstrations/ST25R3916Demo/Src/flashl4_if.c:317:10:FLASH_If_DMA_WriteBuffer	24	static
C:/Users/lenat/STM32CubeIDE/workspace_1.18.1/STEVAL-25R3916B_V2.1.0/Projects/ST25-Discovery/Demonstrations/ST25R3916Demo/Src/flashl4_if.c:343:10:FLASH_If_DMA_IT_WriteBuffer	16	static
C:/Users/lenat/STM32CubeIDE/workspace_1.18.1/STEVAL-25R3916B_V2.1.0/Projects/ST25-Discovery/Demonstrations/ST25R3916Demo/Src/flashl4_if.c:366:10:FLASH_If_WriteDWord	8	static
C:/Users/lenat/STM32CubeIDE/workspace_1.18.1/STEVAL-25R3916B_V2.1.0/Projects/ST25-Discovery/Demonstrations/ST25R3916Demo/Src/flashl4_if.c:388:10:FLASH_If_WriteBuffer	32	static
C:/Users/lenat/STM32CubeIDE/workspace_1.18.1/STEVAL-25R3916B_V2.1.0/Projects/ST25-Discovery/Demonstrations/ST25R3916Demo/Src/flashl4_if.c:408:10:FLASH_If_ConfBFB2	48	static
