C:/Users/lenat/STM32CubeIDE/workspace_1.18.1/STEVAL-25R3916B_V2.1.0/Projects/ST25-Discovery/Demonstrations/ST25R3916Demo/Src/main.c:225:6:rfalPreTransceiveCb	1
C:/Users/lenat/STM32CubeIDE/workspace_1.18.1/STEVAL-25R3916B_V2.1.0/Projects/ST25-Discovery/Demonstrations/ST25R3916Demo/Src/main.c:230:6:InitializeRFAL	2
C:/Users/lenat/STM32CubeIDE/workspace_1.18.1/STEVAL-25R3916B_V2.1.0/Projects/ST25-Discovery/Demonstrations/ST25R3916Demo/Src/main.c:339:6:SplashScreen	1
C:/Users/lenat/STM32CubeIDE/workspace_1.18.1/STEVAL-25R3916B_V2.1.0/Projects/ST25-Discovery/Demonstrations/ST25R3916Demo/Src/main.c:270:5:main	9
C:/Users/lenat/STM32CubeIDE/workspace_1.18.1/STEVAL-25R3916B_V2.1.0/Projects/ST25-Discovery/Demonstrations/ST25R3916Demo/Src/main.c:366:6:MenuAbout	1
C:/Users/lenat/STM32CubeIDE/workspace_1.18.1/STEVAL-25R3916B_V2.1.0/Projects/ST25-Discovery/Demonstrations/ST25R3916Demo/Src/main.c:522:6:_Error_Handler	1
