C:/Users/lenat/STM32CubeIDE/workspace_1.18.1/STEVAL-25R3916B_V2.1.0/Projects/ST25-Discovery/Demonstrations/ST25R3916Demo/Src/Menu_config.c:51:10:Menu_GetDisplayWidth	8	static
C:/Users/lenat/STM32CubeIDE/workspace_1.18.1/STEVAL-25R3916B_V2.1.0/Projects/ST25-Discovery/Demonstrations/ST25R3916Demo/Src/Menu_config.c:60:10:Menu_GetDisplayHeight	8	static
C:/Users/lenat/STM32CubeIDE/workspace_1.18.1/STEVAL-25R3916B_V2.1.0/Projects/ST25-Discovery/Demonstrations/ST25R3916Demo/Src/Menu_config.c:69:6:Menu_SetStyle	8	static
C:/Users/lenat/STM32CubeIDE/workspace_1.18.1/STEVAL-25R3916B_V2.1.0/Projects/ST25-Discovery/Demonstrations/ST25R3916Demo/Src/Menu_config.c:129:10:Menu_GetFontHeight	8	static
C:/Users/lenat/STM32CubeIDE/workspace_1.18.1/STEVAL-25R3916B_V2.1.0/Projects/ST25-Discovery/Demonstrations/ST25R3916Demo/Src/Menu_config.c:136:10:Menu_GetFontWidth	8	static
C:/Users/lenat/STM32CubeIDE/workspace_1.18.1/STEVAL-25R3916B_V2.1.0/Projects/ST25-Discovery/Demonstrations/ST25R3916Demo/Src/Menu_config.c:145:6:Menu_DisplayPicture	8	static
C:/Users/lenat/STM32CubeIDE/workspace_1.18.1/STEVAL-25R3916B_V2.1.0/Projects/ST25-Discovery/Demonstrations/ST25R3916Demo/Src/Menu_config.c:155:6:Menu_GetPictureDim	8	static
C:/Users/lenat/STM32CubeIDE/workspace_1.18.1/STEVAL-25R3916B_V2.1.0/Projects/ST25-Discovery/Demonstrations/ST25R3916Demo/Src/Menu_config.c:166:6:Menu_DisplayRectangle	8	static
C:/Users/lenat/STM32CubeIDE/workspace_1.18.1/STEVAL-25R3916B_V2.1.0/Projects/ST25-Discovery/Demonstrations/ST25R3916Demo/Src/Menu_config.c:177:6:Menu_FillRectangle	8	static
C:/Users/lenat/STM32CubeIDE/workspace_1.18.1/STEVAL-25R3916B_V2.1.0/Projects/ST25-Discovery/Demonstrations/ST25R3916Demo/Src/Menu_config.c:192:6:Menu_DrawTab	24	static
C:/Users/lenat/STM32CubeIDE/workspace_1.18.1/STEVAL-25R3916B_V2.1.0/Projects/ST25-Discovery/Demonstrations/ST25R3916Demo/Src/Menu_config.c:208:6:Menu_DrawTabHeader	24	static
C:/Users/lenat/STM32CubeIDE/workspace_1.18.1/STEVAL-25R3916B_V2.1.0/Projects/ST25-Discovery/Demonstrations/ST25R3916Demo/Src/Menu_config.c:218:6:Menu_DisplayString	8	static
C:/Users/lenat/STM32CubeIDE/workspace_1.18.1/STEVAL-25R3916B_V2.1.0/Projects/ST25-Discovery/Demonstrations/ST25R3916Demo/Src/Menu_config.c:228:6:Menu_DisplayStringAt	8	static
C:/Users/lenat/STM32CubeIDE/workspace_1.18.1/STEVAL-25R3916B_V2.1.0/Projects/ST25-Discovery/Demonstrations/ST25R3916Demo/Src/Menu_config.c:239:6:Menu_DisplayChar	8	static
C:/Users/lenat/STM32CubeIDE/workspace_1.18.1/STEVAL-25R3916B_V2.1.0/Projects/ST25-Discovery/Demonstrations/ST25R3916Demo/Src/Menu_config.c:249:6:Menu_DisplaySpecChar	8	static
C:/Users/lenat/STM32CubeIDE/workspace_1.18.1/STEVAL-25R3916B_V2.1.0/Projects/ST25-Discovery/Demonstrations/ST25R3916Demo/Src/Menu_config.c:256:6:Menu_DisplayClear	8	static
C:/Users/lenat/STM32CubeIDE/workspace_1.18.1/STEVAL-25R3916B_V2.1.0/Projects/ST25-Discovery/Demonstrations/ST25R3916Demo/Src/Menu_config.c:264:6:Menu_DisplayClearLine	8	static
C:/Users/lenat/STM32CubeIDE/workspace_1.18.1/STEVAL-25R3916B_V2.1.0/Projects/ST25-Discovery/Demonstrations/ST25R3916Demo/Src/Menu_config.c:274:9:Menu_ReadPosition	16	static
C:/Users/lenat/STM32CubeIDE/workspace_1.18.1/STEVAL-25R3916B_V2.1.0/Projects/ST25-Discovery/Demonstrations/ST25R3916Demo/Src/Menu_config.c:292:9:Menu_ReadDirection	16	static
C:/Users/lenat/STM32CubeIDE/workspace_1.18.1/STEVAL-25R3916B_V2.1.0/Projects/ST25-Discovery/Demonstrations/ST25R3916Demo/Src/Menu_config.c:331:9:Menu_ReadSelection	8	static
C:/Users/lenat/STM32CubeIDE/workspace_1.18.1/STEVAL-25R3916B_V2.1.0/Projects/ST25-Discovery/Demonstrations/ST25R3916Demo/Src/Menu_config.c:344:6:Menu_Delay	8	static
