C:/Users/lenat/STM32CubeIDE/workspace_1.18.1/STEVAL-25R3916B_V2.1.0/Projects/ST25-Discovery/Demonstrations/ST25R3916Demo/Src/stm32l4xx_hal_msp.c:67:6:HAL_MspInit	16	static
C:/Users/lenat/STM32CubeIDE/workspace_1.18.1/STEVAL-25R3916B_V2.1.0/Projects/ST25-Discovery/Demonstrations/ST25R3916Demo/Src/stm32l4xx_hal_msp.c:97:6:HAL_MspDeInit	0	static
C:/Users/lenat/STM32CubeIDE/workspace_1.18.1/STEVAL-25R3916B_V2.1.0/Projects/ST25-Discovery/Demonstrations/ST25R3916Demo/Src/stm32l4xx_hal_msp.c:106:6:HAL_SPI_MspInit	56	static
C:/Users/lenat/STM32CubeIDE/workspace_1.18.1/STEVAL-25R3916B_V2.1.0/Projects/ST25-Discovery/Demonstrations/ST25R3916Demo/Src/stm32l4xx_hal_msp.c:177:6:HAL_SPI_MspDeInit	8	static
C:/Users/lenat/STM32CubeIDE/workspace_1.18.1/STEVAL-25R3916B_V2.1.0/Projects/ST25-Discovery/Demonstrations/ST25R3916Demo/Src/stm32l4xx_hal_msp.c:222:6:HAL_UART_MspInit	56	static
C:/Users/lenat/STM32CubeIDE/workspace_1.18.1/STEVAL-25R3916B_V2.1.0/Projects/ST25-Discovery/Demonstrations/ST25R3916Demo/Src/stm32l4xx_hal_msp.c:280:6:HAL_UART_MspDeInit	16	static
C:/Users/lenat/STM32CubeIDE/workspace_1.18.1/STEVAL-25R3916B_V2.1.0/Projects/ST25-Discovery/Demonstrations/ST25R3916Demo/Src/stm32l4xx_hal_msp.c:304:6:HAL_DMA_MspInit	8	static
C:/Users/lenat/STM32CubeIDE/workspace_1.18.1/STEVAL-25R3916B_V2.1.0/Projects/ST25-Discovery/Demonstrations/ST25R3916Demo/Src/stm32l4xx_hal_msp.c:315:6:HAL_DMA_MspDeInit	0	static
C:/Users/lenat/STM32CubeIDE/workspace_1.18.1/STEVAL-25R3916B_V2.1.0/Projects/ST25-Discovery/Demonstrations/ST25R3916Demo/Src/stm32l4xx_hal_msp.c:327:6:HAL_CRC_MspInit	8	static
C:/Users/lenat/STM32CubeIDE/workspace_1.18.1/STEVAL-25R3916B_V2.1.0/Projects/ST25-Discovery/Demonstrations/ST25R3916Demo/Src/stm32l4xx_hal_msp.c:338:6:HAL_CRC_MspDeInit	0	static
C:/Users/lenat/STM32CubeIDE/workspace_1.18.1/STEVAL-25R3916B_V2.1.0/Projects/ST25-Discovery/Demonstrations/ST25R3916Demo/Src/stm32l4xx_hal_msp.c:362:6:SystemClock_Config	240	static
C:/Users/lenat/STM32CubeIDE/workspace_1.18.1/STEVAL-25R3916B_V2.1.0/Projects/ST25-Discovery/Demonstrations/ST25R3916Demo/Src/stm32l4xx_hal_msp.c:433:6:MX_GPIO_Init	72	static
