C:/Users/lenat/STM32CubeIDE/workspace_1.18.1/STEVAL-25R3916B_V2.1.0/Middlewares/ST/STM32_USB_Device_Library/Class/CustomHID/Src/usbd_customhid.c:664:16:USBD_CUSTOM_HID_DataIn	0	static
C:/Users/lenat/STM32CubeIDE/workspace_1.18.1/STEVAL-25R3916B_V2.1.0/Middlewares/ST/STM32_USB_Device_Library/Class/CustomHID/Src/usbd_customhid.c:682:16:USBD_CUSTOM_HID_DataOut	8	static
C:/Users/lenat/STM32CubeIDE/workspace_1.18.1/STEVAL-25R3916B_V2.1.0/Middlewares/ST/STM32_USB_Device_Library/Class/CustomHID/Src/usbd_customhid.c:739:16:USBD_CUSTOM_HID_EP0_RxReady	8	static
C:/Users/lenat/STM32CubeIDE/workspace_1.18.1/STEVAL-25R3916B_V2.1.0/Middlewares/ST/STM32_USB_Device_Library/Class/CustomHID/Src/usbd_customhid.c:765:17:USBD_CUSTOM_HID_GetDeviceQualifierDesc	0	static
C:/Users/lenat/STM32CubeIDE/workspace_1.18.1/STEVAL-25R3916B_V2.1.0/Middlewares/ST/STM32_USB_Device_Library/Class/CustomHID/Src/usbd_customhid.c:635:17:USBD_CUSTOM_HID_GetOtherSpeedCfgDesc	16	static
C:/Users/lenat/STM32CubeIDE/workspace_1.18.1/STEVAL-25R3916B_V2.1.0/Middlewares/ST/STM32_USB_Device_Library/Class/CustomHID/Src/usbd_customhid.c:579:17:USBD_CUSTOM_HID_GetFSCfgDesc	16	static
C:/Users/lenat/STM32CubeIDE/workspace_1.18.1/STEVAL-25R3916B_V2.1.0/Middlewares/ST/STM32_USB_Device_Library/Class/CustomHID/Src/usbd_customhid.c:607:17:USBD_CUSTOM_HID_GetHSCfgDesc	16	static
C:/Users/lenat/STM32CubeIDE/workspace_1.18.1/STEVAL-25R3916B_V2.1.0/Middlewares/ST/STM32_USB_Device_Library/Class/CustomHID/Src/usbd_customhid.c:352:16:USBD_CUSTOM_HID_Setup	24	static
C:/Users/lenat/STM32CubeIDE/workspace_1.18.1/STEVAL-25R3916B_V2.1.0/Middlewares/ST/STM32_USB_Device_Library/Class/CustomHID/Src/usbd_customhid.c:313:16:USBD_CUSTOM_HID_DeInit	16	static
C:/Users/lenat/STM32CubeIDE/workspace_1.18.1/STEVAL-25R3916B_V2.1.0/Middlewares/ST/STM32_USB_Device_Library/Class/CustomHID/Src/usbd_customhid.c:248:16:USBD_CUSTOM_HID_Init	24	static
C:/Users/lenat/STM32CubeIDE/workspace_1.18.1/STEVAL-25R3916B_V2.1.0/Middlewares/ST/STM32_USB_Device_Library/Class/CustomHID/Src/usbd_customhid.c:541:9:USBD_CUSTOM_HID_SendReport	8	static
C:/Users/lenat/STM32CubeIDE/workspace_1.18.1/STEVAL-25R3916B_V2.1.0/Middlewares/ST/STM32_USB_Device_Library/Class/CustomHID/Src/usbd_customhid.c:709:9:USBD_CUSTOM_HID_ReceivePacket	8	static
C:/Users/lenat/STM32CubeIDE/workspace_1.18.1/STEVAL-25R3916B_V2.1.0/Middlewares/ST/STM32_USB_Device_Library/Class/CustomHID/Src/usbd_customhid.c:778:9:USBD_CUSTOM_HID_RegisterInterface	0	static
