C:/Users/lenat/STM32CubeIDE/workspace_1.18.1/STEVAL-25R3916B_V2.1.0/Middlewares/ST/menu_demo/Menu_core.c:155:17:Menu_GetIconeX	0	static
C:/Users/lenat/STM32CubeIDE/workspace_1.18.1/STEVAL-25R3916B_V2.1.0/Middlewares/ST/menu_demo/Menu_core.c:166:17:Menu_GetIconeY	0	static
C:/Users/lenat/STM32CubeIDE/workspace_1.18.1/STEVAL-25R3916B_V2.1.0/Middlewares/ST/menu_demo/Menu_core.c:94:6:Menu_GetMaxIconeSize	32	static
C:/Users/lenat/STM32CubeIDE/workspace_1.18.1/STEVAL-25R3916B_V2.1.0/Middlewares/ST/menu_demo/Menu_core.c:114:17:Menu_GetMenu_Geometry	72	static
C:/Users/lenat/STM32CubeIDE/workspace_1.18.1/STEVAL-25R3916B_V2.1.0/Middlewares/ST/menu_demo/Menu_core.c:178:9:Menu_GetUserInput	32	static
C:/Users/lenat/STM32CubeIDE/workspace_1.18.1/STEVAL-25R3916B_V2.1.0/Middlewares/ST/menu_demo/Menu_core.c:196:6:Menu_WaitForUser	8	static
C:/Users/lenat/STM32CubeIDE/workspace_1.18.1/STEVAL-25R3916B_V2.1.0/Middlewares/ST/menu_demo/Menu_core.c:210:6:Menu_DisplayCenterString	64	static
C:/Users/lenat/STM32CubeIDE/workspace_1.18.1/STEVAL-25R3916B_V2.1.0/Middlewares/ST/menu_demo/Menu_core.c:781:13:Menu_DisplaySelected	24	static
C:/Users/lenat/STM32CubeIDE/workspace_1.18.1/STEVAL-25R3916B_V2.1.0/Middlewares/ST/menu_demo/Menu_core.c:242:10:Menu_FormatString	24	static
C:/Users/lenat/STM32CubeIDE/workspace_1.18.1/STEVAL-25R3916B_V2.1.0/Middlewares/ST/menu_demo/Menu_core.c:306:9:Menu_DisplayLongString	120	static
C:/Users/lenat/STM32CubeIDE/workspace_1.18.1/STEVAL-25R3916B_V2.1.0/Middlewares/ST/menu_demo/Menu_core.c:334:6:Menu_MsgStatus	496	static
C:/Users/lenat/STM32CubeIDE/workspace_1.18.1/STEVAL-25R3916B_V2.1.0/Middlewares/ST/menu_demo/Menu_core.c:446:6:Menu_DisplayKeyboard	192	static
C:/Users/lenat/STM32CubeIDE/workspace_1.18.1/STEVAL-25R3916B_V2.1.0/Middlewares/ST/menu_demo/Menu_core.c:566:6:Menu_DrawProgressBarLine	40	static
C:/Users/lenat/STM32CubeIDE/workspace_1.18.1/STEVAL-25R3916B_V2.1.0/Middlewares/ST/menu_demo/Menu_core.c:615:9:Menu_SelectImage	96	static
C:/Users/lenat/STM32CubeIDE/workspace_1.18.1/STEVAL-25R3916B_V2.1.0/Middlewares/ST/menu_demo/Menu_core.c:729:6:Menu_DisplayIcons	32	static
C:/Users/lenat/STM32CubeIDE/workspace_1.18.1/STEVAL-25R3916B_V2.1.0/Middlewares/ST/menu_demo/Menu_core.c:813:9:Menu_Position2Index	24	static
C:/Users/lenat/STM32CubeIDE/workspace_1.18.1/STEVAL-25R3916B_V2.1.0/Middlewares/ST/menu_demo/Menu_core.c:855:9:Menu_Direction2Index	16	static
C:/Users/lenat/STM32CubeIDE/workspace_1.18.1/STEVAL-25R3916B_V2.1.0/Middlewares/ST/menu_demo/Menu_core.c:925:6:Menu_DisplayIconsMenu	16	static
C:/Users/lenat/STM32CubeIDE/workspace_1.18.1/STEVAL-25R3916B_V2.1.0/Middlewares/ST/menu_demo/Menu_core.c:978:6:ReturnFunc	0	static
C:/Users/lenat/STM32CubeIDE/workspace_1.18.1/STEVAL-25R3916B_V2.1.0/Middlewares/ST/menu_demo/Menu_core.c:990:6:Menu_MainLoop	104	static
