C:/Users/lenat/STM32CubeIDE/workspace_1.18.1/STEVAL-25R3916B_V2.1.0/Drivers/BSP/ST25-Discovery/st25_discovery_st25r.c:69:19:t4tSendCommand	352	static
C:/Users/lenat/STM32CubeIDE/workspace_1.18.1/STEVAL-25R3916B_V2.1.0/Drivers/BSP/ST25-Discovery/st25_discovery_st25r.c:318:9:BSP_NFCTAG_WriteData_NfcA	624	static
C:/Users/lenat/STM32CubeIDE/workspace_1.18.1/STEVAL-25R3916B_V2.1.0/Drivers/BSP/ST25-Discovery/st25_discovery_st25r.c:920:16:BSP_NFCTAG_WriteData_NfcV	88	static
C:/Users/lenat/STM32CubeIDE/workspace_1.18.1/STEVAL-25R3916B_V2.1.0/Drivers/BSP/ST25-Discovery/st25_discovery_st25r.c:821:16:BSP_NFCTAG_ReadData_NfcV	328	static
C:/Users/lenat/STM32CubeIDE/workspace_1.18.1/STEVAL-25R3916B_V2.1.0/Drivers/BSP/ST25-Discovery/st25_discovery_st25r.c:652:16:BSP_NFCTAG_ReadData_NfcF	312	static
C:/Users/lenat/STM32CubeIDE/workspace_1.18.1/STEVAL-25R3916B_V2.1.0/Drivers/BSP/ST25-Discovery/st25_discovery_st25r.c:691:16:BSP_NFCTAG_WriteData_NfcF	328	static
C:/Users/lenat/STM32CubeIDE/workspace_1.18.1/STEVAL-25R3916B_V2.1.0/Drivers/BSP/ST25-Discovery/st25_discovery_st25r.c:630:16:BSP_NFCTAG_Activate_NfcF	40	static
C:/Users/lenat/STM32CubeIDE/workspace_1.18.1/STEVAL-25R3916B_V2.1.0/Drivers/BSP/ST25-Discovery/st25_discovery_st25r.c:484:16:BSP_NFCTAG_ReadData_NfcB	320	static
C:/Users/lenat/STM32CubeIDE/workspace_1.18.1/STEVAL-25R3916B_V2.1.0/Drivers/BSP/ST25-Discovery/st25_discovery_st25r.c:548:16:BSP_NFCTAG_WriteData_NfcB	592	static
C:/Users/lenat/STM32CubeIDE/workspace_1.18.1/STEVAL-25R3916B_V2.1.0/Drivers/BSP/ST25-Discovery/st25_discovery_st25r.c:235:16:BSP_NFCTAG_ReadData_NfcA	328	static
C:/Users/lenat/STM32CubeIDE/workspace_1.18.1/STEVAL-25R3916B_V2.1.0/Drivers/BSP/ST25-Discovery/st25_discovery_st25r.c:118:9:BSP_NFCTAG_T4_SelectFile	272	static
C:/Users/lenat/STM32CubeIDE/workspace_1.18.1/STEVAL-25R3916B_V2.1.0/Drivers/BSP/ST25-Discovery/st25_discovery_st25r.c:420:16:BSP_NFCTAG_Activate_NfcB	304	static
C:/Users/lenat/STM32CubeIDE/workspace_1.18.1/STEVAL-25R3916B_V2.1.0/Drivers/BSP/ST25-Discovery/st25_discovery_st25r.c:136:16:BSP_NFCTAG_Activate_NfcA	280	static
C:/Users/lenat/STM32CubeIDE/workspace_1.18.1/STEVAL-25R3916B_V2.1.0/Drivers/BSP/ST25-Discovery/st25_discovery_st25r.c:750:9:BSP_NFCTAG_CheckVicinity	0	static
C:/Users/lenat/STM32CubeIDE/workspace_1.18.1/STEVAL-25R3916B_V2.1.0/Drivers/BSP/ST25-Discovery/st25_discovery_st25r.c:774:16:BSP_NFCTAG_Activate_NfcV	40	static
C:/Users/lenat/STM32CubeIDE/workspace_1.18.1/STEVAL-25R3916B_V2.1.0/Drivers/BSP/ST25-Discovery/st25_discovery_st25r.c:981:9:BSP_NFCTAG_Init	0	static
C:/Users/lenat/STM32CubeIDE/workspace_1.18.1/STEVAL-25R3916B_V2.1.0/Drivers/BSP/ST25-Discovery/st25_discovery_st25r.c:1024:9:BSP_NFCTAG_Activate	8	static
C:/Users/lenat/STM32CubeIDE/workspace_1.18.1/STEVAL-25R3916B_V2.1.0/Drivers/BSP/ST25-Discovery/st25_discovery_st25r.c:1075:9:BSP_NFCTAG_ReadData	8	static
C:/Users/lenat/STM32CubeIDE/workspace_1.18.1/STEVAL-25R3916B_V2.1.0/Drivers/BSP/ST25-Discovery/st25_discovery_st25r.c:1096:9:BSP_NFCTAG_WriteData	8	static
C:/Users/lenat/STM32CubeIDE/workspace_1.18.1/STEVAL-25R3916B_V2.1.0/Drivers/BSP/ST25-Discovery/st25_discovery_st25r.c:1115:10:BSP_NFCTAG_GetByteSize	0	static
C:/Users/lenat/STM32CubeIDE/workspace_1.18.1/STEVAL-25R3916B_V2.1.0/Drivers/BSP/ST25-Discovery/st25_discovery_st25r.c:1124:6:BSP_NFCTAG_GetNdefSupport	0	static
