C:/Users/lenat/STM32CubeIDE/workspace_1.18.1/STEVAL-25R3916B_V2.1.0/Drivers/BSP/ST25-Discovery/st25_discovery_lcd.c:92:9:BSP_LCD_Init	8	static
C:/Users/lenat/STM32CubeIDE/workspace_1.18.1/STEVAL-25R3916B_V2.1.0/Drivers/BSP/ST25-Discovery/st25_discovery_lcd.c:179:10:BSP_LCD_GetXSize	8	static
C:/Users/lenat/STM32CubeIDE/workspace_1.18.1/STEVAL-25R3916B_V2.1.0/Drivers/BSP/ST25-Discovery/st25_discovery_lcd.c:188:10:BSP_LCD_GetYSize	8	static
C:/Users/lenat/STM32CubeIDE/workspace_1.18.1/STEVAL-25R3916B_V2.1.0/Drivers/BSP/ST25-Discovery/st25_discovery_lcd.c:200:6:BSP_LCD_LayerInit	0	static
C:/Users/lenat/STM32CubeIDE/workspace_1.18.1/STEVAL-25R3916B_V2.1.0/Drivers/BSP/ST25-Discovery/st25_discovery_lcd.c:211:6:BSP_LCD_SetLayer	0	static
C:/Users/lenat/STM32CubeIDE/workspace_1.18.1/STEVAL-25R3916B_V2.1.0/Drivers/BSP/ST25-Discovery/st25_discovery_lcd.c:222:6:BSP_LCD_SetColors	0	static
C:/Users/lenat/STM32CubeIDE/workspace_1.18.1/STEVAL-25R3916B_V2.1.0/Drivers/BSP/ST25-Discovery/st25_discovery_lcd.c:236:6:BSP_LCD_GetColors	0	static
C:/Users/lenat/STM32CubeIDE/workspace_1.18.1/STEVAL-25R3916B_V2.1.0/Drivers/BSP/ST25-Discovery/st25_discovery_lcd.c:246:10:BSP_LCD_GetTextColor	0	static
C:/Users/lenat/STM32CubeIDE/workspace_1.18.1/STEVAL-25R3916B_V2.1.0/Drivers/BSP/ST25-Discovery/st25_discovery_lcd.c:255:10:BSP_LCD_GetBackColor	0	static
C:/Users/lenat/STM32CubeIDE/workspace_1.18.1/STEVAL-25R3916B_V2.1.0/Drivers/BSP/ST25-Discovery/st25_discovery_lcd.c:265:6:BSP_LCD_SetTextColor	0	static
C:/Users/lenat/STM32CubeIDE/workspace_1.18.1/STEVAL-25R3916B_V2.1.0/Drivers/BSP/ST25-Discovery/st25_discovery_lcd.c:275:6:BSP_LCD_SetBackColor	0	static
C:/Users/lenat/STM32CubeIDE/workspace_1.18.1/STEVAL-25R3916B_V2.1.0/Drivers/BSP/ST25-Discovery/st25_discovery_lcd.c:287:6:BSP_LCD_SetTransparency	0	static
C:/Users/lenat/STM32CubeIDE/workspace_1.18.1/STEVAL-25R3916B_V2.1.0/Drivers/BSP/ST25-Discovery/st25_discovery_lcd.c:297:6:BSP_LCD_SetFont	0	static
C:/Users/lenat/STM32CubeIDE/workspace_1.18.1/STEVAL-25R3916B_V2.1.0/Drivers/BSP/ST25-Discovery/st25_discovery_lcd.c:306:8:BSP_LCD_GetFont	0	static
C:/Users/lenat/STM32CubeIDE/workspace_1.18.1/STEVAL-25R3916B_V2.1.0/Drivers/BSP/ST25-Discovery/st25_discovery_lcd.c:328:6:BSP_LCD_SetColorKeying	0	static
C:/Users/lenat/STM32CubeIDE/workspace_1.18.1/STEVAL-25R3916B_V2.1.0/Drivers/BSP/ST25-Discovery/st25_discovery_lcd.c:338:6:BSP_LCD_ReSetColorKeying	0	static
C:/Users/lenat/STM32CubeIDE/workspace_1.18.1/STEVAL-25R3916B_V2.1.0/Drivers/BSP/ST25-Discovery/st25_discovery_lcd.c:576:6:BSP_LCD_DrawPixel	8	static
C:/Users/lenat/STM32CubeIDE/workspace_1.18.1/STEVAL-25R3916B_V2.1.0/Drivers/BSP/ST25-Discovery/st25_discovery_lcd.c:591:6:BSP_LCD_DrawHLine	24	static
C:/Users/lenat/STM32CubeIDE/workspace_1.18.1/STEVAL-25R3916B_V2.1.0/Drivers/BSP/ST25-Discovery/st25_discovery_lcd.c:348:6:BSP_LCD_Clear	16	static
C:/Users/lenat/STM32CubeIDE/workspace_1.18.1/STEVAL-25R3916B_V2.1.0/Drivers/BSP/ST25-Discovery/st25_discovery_lcd.c:614:6:BSP_LCD_DrawVLine	24	static
C:/Users/lenat/STM32CubeIDE/workspace_1.18.1/STEVAL-25R3916B_V2.1.0/Drivers/BSP/ST25-Discovery/st25_discovery_lcd.c:639:6:BSP_LCD_DrawLine	56	static
C:/Users/lenat/STM32CubeIDE/workspace_1.18.1/STEVAL-25R3916B_V2.1.0/Drivers/BSP/ST25-Discovery/st25_discovery_lcd.c:1619:13:FillTriangle	64	static
C:/Users/lenat/STM32CubeIDE/workspace_1.18.1/STEVAL-25R3916B_V2.1.0/Drivers/BSP/ST25-Discovery/st25_discovery_lcd.c:714:6:BSP_LCD_DrawRect	24	static
C:/Users/lenat/STM32CubeIDE/workspace_1.18.1/STEVAL-25R3916B_V2.1.0/Drivers/BSP/ST25-Discovery/st25_discovery_lcd.c:732:6:BSP_LCD_DrawCircle	64	static
C:/Users/lenat/STM32CubeIDE/workspace_1.18.1/STEVAL-25R3916B_V2.1.0/Drivers/BSP/ST25-Discovery/st25_discovery_lcd.c:780:6:BSP_LCD_DrawPolygon	16	static
C:/Users/lenat/STM32CubeIDE/workspace_1.18.1/STEVAL-25R3916B_V2.1.0/Drivers/BSP/ST25-Discovery/st25_discovery_lcd.c:809:6:BSP_LCD_DrawEllipse	56	static
C:/Users/lenat/STM32CubeIDE/workspace_1.18.1/STEVAL-25R3916B_V2.1.0/Drivers/BSP/ST25-Discovery/st25_discovery_lcd.c:894:6:BSP_LCD_FillRect	24	static
C:/Users/lenat/STM32CubeIDE/workspace_1.18.1/STEVAL-25R3916B_V2.1.0/Drivers/BSP/ST25-Discovery/st25_discovery_lcd.c:370:6:BSP_LCD_ClearStringLine	16	static
C:/Users/lenat/STM32CubeIDE/workspace_1.18.1/STEVAL-25R3916B_V2.1.0/Drivers/BSP/ST25-Discovery/st25_discovery_lcd.c:911:6:BSP_LCD_FillCircle	48	static
C:/Users/lenat/STM32CubeIDE/workspace_1.18.1/STEVAL-25R3916B_V2.1.0/Drivers/BSP/ST25-Discovery/st25_discovery_lcd.c:959:6:BSP_LCD_FillPolygon	56	static
C:/Users/lenat/STM32CubeIDE/workspace_1.18.1/STEVAL-25R3916B_V2.1.0/Drivers/BSP/ST25-Discovery/st25_discovery_lcd.c:1028:6:BSP_LCD_FillEllipse	48	static
C:/Users/lenat/STM32CubeIDE/workspace_1.18.1/STEVAL-25R3916B_V2.1.0/Drivers/BSP/ST25-Discovery/st25_discovery_lcd.c:1055:6:BSP_LCD_DrawRectangleWithRoundCorner	64	static
C:/Users/lenat/STM32CubeIDE/workspace_1.18.1/STEVAL-25R3916B_V2.1.0/Drivers/BSP/ST25-Discovery/st25_discovery_lcd.c:1075:6:BSP_LCD_DrawTabHeader	96	static
C:/Users/lenat/STM32CubeIDE/workspace_1.18.1/STEVAL-25R3916B_V2.1.0/Drivers/BSP/ST25-Discovery/st25_discovery_lcd.c:1164:6:BSP_LCD_DrawTab	88	static
C:/Users/lenat/STM32CubeIDE/workspace_1.18.1/STEVAL-25R3916B_V2.1.0/Drivers/BSP/ST25-Discovery/st25_discovery_lcd.c:1196:6:BSP_LCD_DisplayOn	8	static
C:/Users/lenat/STM32CubeIDE/workspace_1.18.1/STEVAL-25R3916B_V2.1.0/Drivers/BSP/ST25-Discovery/st25_discovery_lcd.c:1207:6:BSP_LCD_DisplayOff	8	static
C:/Users/lenat/STM32CubeIDE/workspace_1.18.1/STEVAL-25R3916B_V2.1.0/Drivers/BSP/ST25-Discovery/st25_discovery_lcd.c:1222:5:BSP_LCD_SetDisplayWindow	8	static
C:/Users/lenat/STM32CubeIDE/workspace_1.18.1/STEVAL-25R3916B_V2.1.0/Drivers/BSP/ST25-Discovery/st25_discovery_lcd.c:317:6:BSP_LCD_SetCursor	8	static
C:/Users/lenat/STM32CubeIDE/workspace_1.18.1/STEVAL-25R3916B_V2.1.0/Drivers/BSP/ST25-Discovery/st25_discovery_lcd.c:1534:13:DrawChar	1856	static
C:/Users/lenat/STM32CubeIDE/workspace_1.18.1/STEVAL-25R3916B_V2.1.0/Drivers/BSP/ST25-Discovery/st25_discovery_lcd.c:389:6:BSP_LCD_DrawChar	8	static
C:/Users/lenat/STM32CubeIDE/workspace_1.18.1/STEVAL-25R3916B_V2.1.0/Drivers/BSP/ST25-Discovery/st25_discovery_lcd.c:401:6:BSP_LCD_DrawCharLine	8	static
C:/Users/lenat/STM32CubeIDE/workspace_1.18.1/STEVAL-25R3916B_V2.1.0/Drivers/BSP/ST25-Discovery/st25_discovery_lcd.c:439:6:BSP_LCD_DisplayCharAt	8	static
C:/Users/lenat/STM32CubeIDE/workspace_1.18.1/STEVAL-25R3916B_V2.1.0/Drivers/BSP/ST25-Discovery/st25_discovery_lcd.c:420:6:BSP_LCD_DisplayChar	8	static
C:/Users/lenat/STM32CubeIDE/workspace_1.18.1/STEVAL-25R3916B_V2.1.0/Drivers/BSP/ST25-Discovery/st25_discovery_lcd.c:533:6:BSP_LCD_DisplayStringLineWSize	24	static
C:/Users/lenat/STM32CubeIDE/workspace_1.18.1/STEVAL-25R3916B_V2.1.0/Drivers/BSP/ST25-Discovery/st25_discovery_lcd.c:461:6:BSP_LCD_DisplayStringAt	32	static
C:/Users/lenat/STM32CubeIDE/workspace_1.18.1/STEVAL-25R3916B_V2.1.0/Drivers/BSP/ST25-Discovery/st25_discovery_lcd.c:520:6:BSP_LCD_DisplayStringAtLine	8	static
C:/Users/lenat/STM32CubeIDE/workspace_1.18.1/STEVAL-25R3916B_V2.1.0/Drivers/BSP/ST25-Discovery/st25_discovery_lcd.c:842:6:BSP_LCD_DrawBitmap	16	static
C:/Users/lenat/STM32CubeIDE/workspace_1.18.1/STEVAL-25R3916B_V2.1.0/Drivers/BSP/ST25-Discovery/st25_discovery_lcd.c:874:6:BSP_LCD_DrawRGBImage	32	static
C:/Users/lenat/STM32CubeIDE/workspace_1.18.1/STEVAL-25R3916B_V2.1.0/Drivers/BSP/ST25-Discovery/st25_discovery_lcd.c:1234:6:BSP_LCD_WindowModeDisable	16	static
C:/Users/lenat/STM32CubeIDE/workspace_1.18.1/STEVAL-25R3916B_V2.1.0/Drivers/BSP/ST25-Discovery/st25_discovery_lcd.c:1247:6:BSP_LCD_WriteBMP_FAT	16	static
C:/Users/lenat/STM32CubeIDE/workspace_1.18.1/STEVAL-25R3916B_V2.1.0/Drivers/BSP/ST25-Discovery/st25_discovery_lcd.c:1300:10:BSP_LCD_FadeColor	4	static
C:/Users/lenat/STM32CubeIDE/workspace_1.18.1/STEVAL-25R3916B_V2.1.0/Drivers/BSP/ST25-Discovery/st25_discovery_lcd.c:1332:16:BSP_LCD_Write24BPixelLine	680	static
C:/Users/lenat/STM32CubeIDE/workspace_1.18.1/STEVAL-25R3916B_V2.1.0/Drivers/BSP/ST25-Discovery/st25_discovery_lcd.c:1384:6:BSP_LCD_GetPictureDim	8	static
C:/Users/lenat/STM32CubeIDE/workspace_1.18.1/STEVAL-25R3916B_V2.1.0/Drivers/BSP/ST25-Discovery/st25_discovery_lcd.c:1409:10:BSP_LCD_DisplayCropPicture	32	static
C:/Users/lenat/STM32CubeIDE/workspace_1.18.1/STEVAL-25R3916B_V2.1.0/Drivers/BSP/ST25-Discovery/st25_discovery_lcd.c:1480:10:BSP_LCD_DisplayCropJpeg	32	static
C:/Users/lenat/STM32CubeIDE/workspace_1.18.1/STEVAL-25R3916B_V2.1.0/Drivers/BSP/ST25-Discovery/st25_discovery_lcd.c:1513:6:BSP_LCD_DisplayPicture	32	static
C:/Users/lenat/STM32CubeIDE/workspace_1.18.1/STEVAL-25R3916B_V2.1.0/Drivers/BSP/ST25-Discovery/st25_discovery_lcd.c:1518:6:BSP_LCD_SetGreyScale	0	static
