C:/Users/lenat/STM32CubeIDE/workspace_1.18.1/STEVAL-25R3916B_V2.1.0/Drivers/BSP/ST25-Discovery/st25_discovery.c:1283:13:STM32_SPI2_Init	64	static
C:/Users/lenat/STM32CubeIDE/workspace_1.18.1/STEVAL-25R3916B_V2.1.0/Drivers/BSP/ST25-Discovery/st25_discovery.c:1385:13:STM32_SPI2_Write	16	static
C:/Users/lenat/STM32CubeIDE/workspace_1.18.1/STEVAL-25R3916B_V2.1.0/Drivers/BSP/ST25-Discovery/st25_discovery.c:743:13:STM32_I2C1_Init	88	static
C:/Users/lenat/STM32CubeIDE/workspace_1.18.1/STEVAL-25R3916B_V2.1.0/Drivers/BSP/ST25-Discovery/st25_discovery.c:1161:13:STM32_I2C3_Init	56	static
C:/Users/lenat/STM32CubeIDE/workspace_1.18.1/STEVAL-25R3916B_V2.1.0/Drivers/BSP/ST25-Discovery/st25_discovery.c:900:13:STM32_I2C1_Error	8	static
C:/Users/lenat/STM32CubeIDE/workspace_1.18.1/STEVAL-25R3916B_V2.1.0/Drivers/BSP/ST25-Discovery/st25_discovery.c:244:10:BSP_GetVersion	0	static
C:/Users/lenat/STM32CubeIDE/workspace_1.18.1/STEVAL-25R3916B_V2.1.0/Drivers/BSP/ST25-Discovery/st25_discovery.c:255:6:BSP_LED_Init	56	static
C:/Users/lenat/STM32CubeIDE/workspace_1.18.1/STEVAL-25R3916B_V2.1.0/Drivers/BSP/ST25-Discovery/st25_discovery.c:280:6:BSP_LED_DeInit	16	static
C:/Users/lenat/STM32CubeIDE/workspace_1.18.1/STEVAL-25R3916B_V2.1.0/Drivers/BSP/ST25-Discovery/st25_discovery.c:297:6:BSP_LED_On	8	static
C:/Users/lenat/STM32CubeIDE/workspace_1.18.1/STEVAL-25R3916B_V2.1.0/Drivers/BSP/ST25-Discovery/st25_discovery.c:308:6:BSP_LED_Off	8	static
C:/Users/lenat/STM32CubeIDE/workspace_1.18.1/STEVAL-25R3916B_V2.1.0/Drivers/BSP/ST25-Discovery/st25_discovery.c:319:6:BSP_LED_Toggle	8	static
C:/Users/lenat/STM32CubeIDE/workspace_1.18.1/STEVAL-25R3916B_V2.1.0/Drivers/BSP/ST25-Discovery/st25_discovery.c:334:6:BSP_PB_Init	48	static
C:/Users/lenat/STM32CubeIDE/workspace_1.18.1/STEVAL-25R3916B_V2.1.0/Drivers/BSP/ST25-Discovery/st25_discovery.c:371:6:BSP_PB_DeInit	16	static
C:/Users/lenat/STM32CubeIDE/workspace_1.18.1/STEVAL-25R3916B_V2.1.0/Drivers/BSP/ST25-Discovery/st25_discovery.c:386:10:BSP_PB_GetState	8	static
C:/Users/lenat/STM32CubeIDE/workspace_1.18.1/STEVAL-25R3916B_V2.1.0/Drivers/BSP/ST25-Discovery/st25_discovery.c:1444:6:LCD_IO_Init	152	static
C:/Users/lenat/STM32CubeIDE/workspace_1.18.1/STEVAL-25R3916B_V2.1.0/Drivers/BSP/ST25-Discovery/st25_discovery.c:1526:6:LCD_IO_SetDataWidth	8	static
C:/Users/lenat/STM32CubeIDE/workspace_1.18.1/STEVAL-25R3916B_V2.1.0/Drivers/BSP/ST25-Discovery/st25_discovery.c:1544:6:BSP_LCD_LowFreq	8	static
C:/Users/lenat/STM32CubeIDE/workspace_1.18.1/STEVAL-25R3916B_V2.1.0/Drivers/BSP/ST25-Discovery/st25_discovery.c:1553:6:BSP_LCD_HighFreq	8	static
C:/Users/lenat/STM32CubeIDE/workspace_1.18.1/STEVAL-25R3916B_V2.1.0/Drivers/BSP/ST25-Discovery/st25_discovery.c:1561:6:LCD_IO_WriteReg	16	static
C:/Users/lenat/STM32CubeIDE/workspace_1.18.1/STEVAL-25R3916B_V2.1.0/Drivers/BSP/ST25-Discovery/st25_discovery.c:1579:6:LCD_IO_WriteData	16	static
C:/Users/lenat/STM32CubeIDE/workspace_1.18.1/STEVAL-25R3916B_V2.1.0/Drivers/BSP/ST25-Discovery/st25_discovery.c:1597:6:LCD_IO_WriteData16	16	static
C:/Users/lenat/STM32CubeIDE/workspace_1.18.1/STEVAL-25R3916B_V2.1.0/Drivers/BSP/ST25-Discovery/st25_discovery.c:1615:6:LCD_IO_WriteBuffer16	16	static
C:/Users/lenat/STM32CubeIDE/workspace_1.18.1/STEVAL-25R3916B_V2.1.0/Drivers/BSP/ST25-Discovery/st25_discovery.c:1636:10:LCD_IO_ReadData	24	static
C:/Users/lenat/STM32CubeIDE/workspace_1.18.1/STEVAL-25R3916B_V2.1.0/Drivers/BSP/ST25-Discovery/st25_discovery.c:1675:6:LCD_Delay	8	static
C:/Users/lenat/STM32CubeIDE/workspace_1.18.1/STEVAL-25R3916B_V2.1.0/Drivers/BSP/ST25-Discovery/st25_discovery.c:1690:6:IOE_Init	8	static
C:/Users/lenat/STM32CubeIDE/workspace_1.18.1/STEVAL-25R3916B_V2.1.0/Drivers/BSP/ST25-Discovery/st25_discovery.c:1698:6:IOE_ITConfig	32	static
C:/Users/lenat/STM32CubeIDE/workspace_1.18.1/STEVAL-25R3916B_V2.1.0/Drivers/BSP/ST25-Discovery/st25_discovery.c:1709:6:IOE_Write	32	static
C:/Users/lenat/STM32CubeIDE/workspace_1.18.1/STEVAL-25R3916B_V2.1.0/Drivers/BSP/ST25-Discovery/st25_discovery.c:1720:9:IOE_Read	32	static
C:/Users/lenat/STM32CubeIDE/workspace_1.18.1/STEVAL-25R3916B_V2.1.0/Drivers/BSP/ST25-Discovery/st25_discovery.c:1732:6:IOE_WriteMultiple	24	static
C:/Users/lenat/STM32CubeIDE/workspace_1.18.1/STEVAL-25R3916B_V2.1.0/Drivers/BSP/ST25-Discovery/st25_discovery.c:1745:10:IOE_ReadMultiple	24	static
C:/Users/lenat/STM32CubeIDE/workspace_1.18.1/STEVAL-25R3916B_V2.1.0/Drivers/BSP/ST25-Discovery/st25_discovery.c:1754:6:IOE_Delay	8	static
C:/Users/lenat/STM32CubeIDE/workspace_1.18.1/STEVAL-25R3916B_V2.1.0/Drivers/BSP/ST25-Discovery/st25_discovery.c:1766:6:DPOT_IO_Init	8	static
C:/Users/lenat/STM32CubeIDE/workspace_1.18.1/STEVAL-25R3916B_V2.1.0/Drivers/BSP/ST25-Discovery/st25_discovery.c:1777:9:DPOT_IO_Read	32	static
C:/Users/lenat/STM32CubeIDE/workspace_1.18.1/STEVAL-25R3916B_V2.1.0/Drivers/BSP/ST25-Discovery/st25_discovery.c:1789:6:DPOT_IO_WriteBuffer	16	static
