C:/Users/lenat/STM32CubeIDE/workspace_1.18.1/STEVAL-25R3916B_V2.1.0/Middlewares/ST/p2p/lib_llcp.c:92:15:LLCP_GetLLC	4	static
C:/Users/lenat/STM32CubeIDE/workspace_1.18.1/STEVAL-25R3916B_V2.1.0/Middlewares/ST/p2p/lib_llcp.c:121:9:LLCP_Init	0	static
C:/Users/lenat/STM32CubeIDE/workspace_1.18.1/STEVAL-25R3916B_V2.1.0/Middlewares/ST/p2p/lib_llcp.c:161:9:LLCP_AddService	8	static
C:/Users/lenat/STM32CubeIDE/workspace_1.18.1/STEVAL-25R3916B_V2.1.0/Middlewares/ST/p2p/lib_llcp.c:178:9:LLCP_RemoveService	12	static
C:/Users/lenat/STM32CubeIDE/workspace_1.18.1/STEVAL-25R3916B_V2.1.0/Middlewares/ST/p2p/lib_llcp.c:193:9:LLCP_ConnectService	40	static
C:/Users/lenat/STM32CubeIDE/workspace_1.18.1/STEVAL-25R3916B_V2.1.0/Middlewares/ST/p2p/lib_llcp.c:232:9:LLCP_RemoveConnection	24	static
C:/Users/lenat/STM32CubeIDE/workspace_1.18.1/STEVAL-25R3916B_V2.1.0/Middlewares/ST/p2p/lib_llcp.c:270:9:LLCP_NFCDEPdisconnect	24	static
C:/Users/lenat/STM32CubeIDE/workspace_1.18.1/STEVAL-25R3916B_V2.1.0/Middlewares/ST/p2p/lib_llcp.c:286:9:LLCP_Connect	0	static
C:/Users/lenat/STM32CubeIDE/workspace_1.18.1/STEVAL-25R3916B_V2.1.0/Middlewares/ST/p2p/lib_llcp.c:302:9:LLCP_Disconnect	0	static
C:/Users/lenat/STM32CubeIDE/workspace_1.18.1/STEVAL-25R3916B_V2.1.0/Middlewares/ST/p2p/lib_llcp.c:574:9:LLCP_ReplyToSYMM	0	static
C:/Users/lenat/STM32CubeIDE/workspace_1.18.1/STEVAL-25R3916B_V2.1.0/Middlewares/ST/p2p/lib_llcp.c:733:9:LLCP_ReplyToRNR	0	static
C:/Users/lenat/STM32CubeIDE/workspace_1.18.1/STEVAL-25R3916B_V2.1.0/Middlewares/ST/p2p/lib_llcp.c:743:9:LLCP_ReplyToSNL	0	static
C:/Users/lenat/STM32CubeIDE/workspace_1.18.1/STEVAL-25R3916B_V2.1.0/Middlewares/ST/p2p/lib_llcp.c:755:9:LLCP_SendSYMM	8	static
C:/Users/lenat/STM32CubeIDE/workspace_1.18.1/STEVAL-25R3916B_V2.1.0/Middlewares/ST/p2p/lib_llcp.c:599:9:LLCP_ReplyToAGF	8	static
C:/Users/lenat/STM32CubeIDE/workspace_1.18.1/STEVAL-25R3916B_V2.1.0/Middlewares/ST/p2p/lib_llcp.c:610:9:LLCP_ReplyToUI	8	static
C:/Users/lenat/STM32CubeIDE/workspace_1.18.1/STEVAL-25R3916B_V2.1.0/Middlewares/ST/p2p/lib_llcp.c:682:9:LLCP_ReplyToDM	8	static
C:/Users/lenat/STM32CubeIDE/workspace_1.18.1/STEVAL-25R3916B_V2.1.0/Middlewares/ST/p2p/lib_llcp.c:695:9:LLCP_ReplyToFRMR	8	static
C:/Users/lenat/STM32CubeIDE/workspace_1.18.1/STEVAL-25R3916B_V2.1.0/Middlewares/ST/p2p/lib_llcp.c:722:9:LLCP_ReplyToRR	8	static
C:/Users/lenat/STM32CubeIDE/workspace_1.18.1/STEVAL-25R3916B_V2.1.0/Middlewares/ST/p2p/lib_llcp.c:770:9:LLCP_SendUI	0	static
C:/Users/lenat/STM32CubeIDE/workspace_1.18.1/STEVAL-25R3916B_V2.1.0/Middlewares/ST/p2p/lib_llcp.c:777:9:LLCP_SendCONNECT	0	static
C:/Users/lenat/STM32CubeIDE/workspace_1.18.1/STEVAL-25R3916B_V2.1.0/Middlewares/ST/p2p/lib_llcp.c:792:9:LLCP_SendDISC	0	static
C:/Users/lenat/STM32CubeIDE/workspace_1.18.1/STEVAL-25R3916B_V2.1.0/Middlewares/ST/p2p/lib_llcp.c:802:9:LLCP_SendCC	0	static
C:/Users/lenat/STM32CubeIDE/workspace_1.18.1/STEVAL-25R3916B_V2.1.0/Middlewares/ST/p2p/lib_llcp.c:811:9:LLCP_SendDM	0	static
C:/Users/lenat/STM32CubeIDE/workspace_1.18.1/STEVAL-25R3916B_V2.1.0/Middlewares/ST/p2p/lib_llcp.c:654:9:LLCP_ReplyToDISC	8	static
C:/Users/lenat/STM32CubeIDE/workspace_1.18.1/STEVAL-25R3916B_V2.1.0/Middlewares/ST/p2p/lib_llcp.c:826:9:LLCP_SendFRMR	0	static
C:/Users/lenat/STM32CubeIDE/workspace_1.18.1/STEVAL-25R3916B_V2.1.0/Middlewares/ST/p2p/lib_llcp.c:832:9:LLCP_SendI	8	static
C:/Users/lenat/STM32CubeIDE/workspace_1.18.1/STEVAL-25R3916B_V2.1.0/Middlewares/ST/p2p/lib_llcp.c:862:9:LLCP_SendRR	0	static
C:/Users/lenat/STM32CubeIDE/workspace_1.18.1/STEVAL-25R3916B_V2.1.0/Middlewares/ST/p2p/lib_llcp.c:707:9:LLCP_ReplyToI	8	static
C:/Users/lenat/STM32CubeIDE/workspace_1.18.1/STEVAL-25R3916B_V2.1.0/Middlewares/ST/p2p/lib_llcp.c:873:9:LLCP_SendRNR	0	static
C:/Users/lenat/STM32CubeIDE/workspace_1.18.1/STEVAL-25R3916B_V2.1.0/Middlewares/ST/p2p/lib_llcp.c:879:9:LLCP_SendSNL	0	static
C:/Users/lenat/STM32CubeIDE/workspace_1.18.1/STEVAL-25R3916B_V2.1.0/Middlewares/ST/p2p/lib_llcp.c:890:9:LLCP_WritePAXTLV	8	static
C:/Users/lenat/STM32CubeIDE/workspace_1.18.1/STEVAL-25R3916B_V2.1.0/Middlewares/ST/p2p/lib_llcp.c:952:9:LLCP_HandleTLVCONNECT	0	static
C:/Users/lenat/STM32CubeIDE/workspace_1.18.1/STEVAL-25R3916B_V2.1.0/Middlewares/ST/p2p/lib_llcp.c:624:9:LLCP_ReplyToCONNECT	16	static
C:/Users/lenat/STM32CubeIDE/workspace_1.18.1/STEVAL-25R3916B_V2.1.0/Middlewares/ST/p2p/lib_llcp.c:992:6:LLCP_HandleTLVPAX	4	static
C:/Users/lenat/STM32CubeIDE/workspace_1.18.1/STEVAL-25R3916B_V2.1.0/Middlewares/ST/p2p/lib_llcp.c:582:9:LLCP_ReplyToPAX	8	static
C:/Users/lenat/STM32CubeIDE/workspace_1.18.1/STEVAL-25R3916B_V2.1.0/Middlewares/ST/p2p/lib_llcp.c:662:9:LLCP_ReplyToCC	8	static
C:/Users/lenat/STM32CubeIDE/workspace_1.18.1/STEVAL-25R3916B_V2.1.0/Middlewares/ST/p2p/lib_llcp.c:481:9:LLCP_HandlePDU	48	static
C:/Users/lenat/STM32CubeIDE/workspace_1.18.1/STEVAL-25R3916B_V2.1.0/Middlewares/ST/p2p/lib_llcp.c:324:9:LLCP_Send	32	static
C:/Users/lenat/STM32CubeIDE/workspace_1.18.1/STEVAL-25R3916B_V2.1.0/Middlewares/ST/p2p/lib_llcp.c:418:6:LLCP_Reply	32	static
C:/Users/lenat/STM32CubeIDE/workspace_1.18.1/STEVAL-25R3916B_V2.1.0/Middlewares/ST/p2p/lib_llcp.c:1057:6:LLCP_SendReceiveTLVPAX	16	static
