C:/Users/lenat/STM32CubeIDE/workspace_1.18.1/STEVAL-25R3916B_V2.1.0/Drivers/BSP/Components/ili9341_cube/ili9341_cube.c:505:10:ili9341_GetLcdPixelWidth	0	static
C:/Users/lenat/STM32CubeIDE/workspace_1.18.1/STEVAL-25R3916B_V2.1.0/Drivers/BSP/Components/ili9341_cube/ili9341_cube.c:516:10:ili9341_GetLcdPixelHeight	0	static
C:/Users/lenat/STM32CubeIDE/workspace_1.18.1/STEVAL-25R3916B_V2.1.0/Drivers/BSP/Components/ili9341_cube/ili9341_cube.c:471:6:ili9341_WriteReg	8	static
C:/Users/lenat/STM32CubeIDE/workspace_1.18.1/STEVAL-25R3916B_V2.1.0/Drivers/BSP/Components/ili9341_cube/ili9341_cube.c:248:6:ili9341_DisplayOn	8	static
C:/Users/lenat/STM32CubeIDE/workspace_1.18.1/STEVAL-25R3916B_V2.1.0/Drivers/BSP/Components/ili9341_cube/ili9341_cube.c:259:6:ili9341_DisplayOff	8	static
C:/Users/lenat/STM32CubeIDE/workspace_1.18.1/STEVAL-25R3916B_V2.1.0/Drivers/BSP/Components/ili9341_cube/ili9341_cube.c:112:6:ili9341_Init	8	static
C:/Users/lenat/STM32CubeIDE/workspace_1.18.1/STEVAL-25R3916B_V2.1.0/Drivers/BSP/Components/ili9341_cube/ili9341_cube.c:271:6:ili9341_SetCursor	16	static
C:/Users/lenat/STM32CubeIDE/workspace_1.18.1/STEVAL-25R3916B_V2.1.0/Drivers/BSP/Components/ili9341_cube/ili9341_cube.c:368:6:ili9341_WritePixel	8	static
C:/Users/lenat/STM32CubeIDE/workspace_1.18.1/STEVAL-25R3916B_V2.1.0/Drivers/BSP/Components/ili9341_cube/ili9341_cube.c:305:6:ili9341_SetDisplayWindow	24	static
C:/Users/lenat/STM32CubeIDE/workspace_1.18.1/STEVAL-25R3916B_V2.1.0/Drivers/BSP/Components/ili9341_cube/ili9341_cube.c:425:6:ili9341_DrawHLine	656	static
C:/Users/lenat/STM32CubeIDE/workspace_1.18.1/STEVAL-25R3916B_V2.1.0/Drivers/BSP/Components/ili9341_cube/ili9341_cube.c:450:6:ili9341_DrawVLine	496	static
C:/Users/lenat/STM32CubeIDE/workspace_1.18.1/STEVAL-25R3916B_V2.1.0/Drivers/BSP/Components/ili9341_cube/ili9341_cube.c:482:6:ili9341_WriteData	8	static
C:/Users/lenat/STM32CubeIDE/workspace_1.18.1/STEVAL-25R3916B_V2.1.0/Drivers/BSP/Components/ili9341_cube/ili9341_cube.c:493:10:ili9341_ReadData	8	static
C:/Users/lenat/STM32CubeIDE/workspace_1.18.1/STEVAL-25R3916B_V2.1.0/Drivers/BSP/Components/ili9341_cube/ili9341_cube.c:237:10:ili9341_ReadID	8	static
C:/Users/lenat/STM32CubeIDE/workspace_1.18.1/STEVAL-25R3916B_V2.1.0/Drivers/BSP/Components/ili9341_cube/ili9341_cube.c:383:10:ili9341_ReadPixel	8	static
