C:/Users/lenat/STM32CubeIDE/workspace_1.18.1/STEVAL-25R3916B_V2.1.0/Middlewares/Third_Party/LibJPEG/source/jchuff.c:269:1:dump_buffer_s	16	static
C:/Users/lenat/STM32CubeIDE/workspace_1.18.1/STEVAL-25R3916B_V2.1.0/Middlewares/Third_Party/LibJPEG/source/jchuff.c:284:1:dump_buffer_e	16	static
C:/Users/lenat/STM32CubeIDE/workspace_1.18.1/STEVAL-25R3916B_V2.1.0/Middlewares/Third_Party/LibJPEG/source/jchuff.c:1197:1:encode_mcu_gather	64	static
C:/Users/lenat/STM32CubeIDE/workspace_1.18.1/STEVAL-25R3916B_V2.1.0/Middlewares/Third_Party/LibJPEG/source/jchuff.c:161:1:jpeg_make_c_derived_tbl	1344	static
C:/Users/lenat/STM32CubeIDE/workspace_1.18.1/STEVAL-25R3916B_V2.1.0/Middlewares/Third_Party/LibJPEG/source/jchuff.c:1451:1:start_pass_huff	48	static
C:/Users/lenat/STM32CubeIDE/workspace_1.18.1/STEVAL-25R3916B_V2.1.0/Middlewares/Third_Party/LibJPEG/source/jchuff.c:1256:1:jpeg_gen_optimal_table	2152	static
C:/Users/lenat/STM32CubeIDE/workspace_1.18.1/STEVAL-25R3916B_V2.1.0/Middlewares/Third_Party/LibJPEG/source/jchuff.c:440:1:emit_buffered_bits	40	static
C:/Users/lenat/STM32CubeIDE/workspace_1.18.1/STEVAL-25R3916B_V2.1.0/Middlewares/Third_Party/LibJPEG/source/jchuff.c:386:1:flush_bits_s	24	static
C:/Users/lenat/STM32CubeIDE/workspace_1.18.1/STEVAL-25R3916B_V2.1.0/Middlewares/Third_Party/LibJPEG/source/jchuff.c:397:1:flush_bits_e	24	static
C:/Users/lenat/STM32CubeIDE/workspace_1.18.1/STEVAL-25R3916B_V2.1.0/Middlewares/Third_Party/LibJPEG/source/jchuff.c:459:1:emit_eobrun	32	static
C:/Users/lenat/STM32CubeIDE/workspace_1.18.1/STEVAL-25R3916B_V2.1.0/Middlewares/Third_Party/LibJPEG/source/jchuff.c:511:1:emit_restart_e	16	static
C:/Users/lenat/STM32CubeIDE/workspace_1.18.1/STEVAL-25R3916B_V2.1.0/Middlewares/Third_Party/LibJPEG/source/jchuff.c:541:1:encode_mcu_DC_first	56	static
C:/Users/lenat/STM32CubeIDE/workspace_1.18.1/STEVAL-25R3916B_V2.1.0/Middlewares/Third_Party/LibJPEG/source/jchuff.c:739:1:encode_mcu_DC_refine	48	static
C:/Users/lenat/STM32CubeIDE/workspace_1.18.1/STEVAL-25R3916B_V2.1.0/Middlewares/Third_Party/LibJPEG/source/jchuff.c:628:1:encode_mcu_AC_first	72	static
C:/Users/lenat/STM32CubeIDE/workspace_1.18.1/STEVAL-25R3916B_V2.1.0/Middlewares/Third_Party/LibJPEG/source/jchuff.c:786:1:encode_mcu_AC_refine	336	static
C:/Users/lenat/STM32CubeIDE/workspace_1.18.1/STEVAL-25R3916B_V2.1.0/Middlewares/Third_Party/LibJPEG/source/jchuff.c:1073:1:finish_pass_huff	56	static
C:/Users/lenat/STM32CubeIDE/workspace_1.18.1/STEVAL-25R3916B_V2.1.0/Middlewares/Third_Party/LibJPEG/source/jchuff.c:1397:1:finish_pass_gather	72	static
C:/Users/lenat/STM32CubeIDE/workspace_1.18.1/STEVAL-25R3916B_V2.1.0/Middlewares/Third_Party/LibJPEG/source/jchuff.c:1016:1:encode_mcu_huff	128	static
C:/Users/lenat/STM32CubeIDE/workspace_1.18.1/STEVAL-25R3916B_V2.1.0/Middlewares/Third_Party/LibJPEG/source/jchuff.c:1557:1:jinit_huff_encoder	8	static
