C:/Users/lenat/STM32CubeIDE/workspace_1.18.1/STEVAL-25R3916B_V2.1.0/Middlewares/Third_Party/LibJPEG/source/jcmarker.c:109:1:emit_byte	8	static
C:/Users/lenat/STM32CubeIDE/workspace_1.18.1/STEVAL-25R3916B_V2.1.0/Middlewares/Third_Party/LibJPEG/source/jcmarker.c:123:1:emit_marker	16	static
C:/Users/lenat/STM32CubeIDE/workspace_1.18.1/STEVAL-25R3916B_V2.1.0/Middlewares/Third_Party/LibJPEG/source/jcmarker.c:132:1:emit_2bytes	16	static
C:/Users/lenat/STM32CubeIDE/workspace_1.18.1/STEVAL-25R3916B_V2.1.0/Middlewares/Third_Party/LibJPEG/source/jcmarker.c:145:1:emit_dqt	24	static
C:/Users/lenat/STM32CubeIDE/workspace_1.18.1/STEVAL-25R3916B_V2.1.0/Middlewares/Third_Party/LibJPEG/source/jcmarker.c:186:1:emit_dht	32	static
C:/Users/lenat/STM32CubeIDE/workspace_1.18.1/STEVAL-25R3916B_V2.1.0/Middlewares/Third_Party/LibJPEG/source/jcmarker.c:285:1:emit_sof	16	static
C:/Users/lenat/STM32CubeIDE/workspace_1.18.1/STEVAL-25R3916B_V2.1.0/Middlewares/Third_Party/LibJPEG/source/jcmarker.c:456:1:write_marker_header	16	static
C:/Users/lenat/STM32CubeIDE/workspace_1.18.1/STEVAL-25R3916B_V2.1.0/Middlewares/Third_Party/LibJPEG/source/jcmarker.c:468:1:write_marker_byte	8	static
C:/Users/lenat/STM32CubeIDE/workspace_1.18.1/STEVAL-25R3916B_V2.1.0/Middlewares/Third_Party/LibJPEG/source/jcmarker.c:487:1:write_file_header	16	static
C:/Users/lenat/STM32CubeIDE/workspace_1.18.1/STEVAL-25R3916B_V2.1.0/Middlewares/Third_Party/LibJPEG/source/jcmarker.c:512:1:write_frame_header	24	static
C:/Users/lenat/STM32CubeIDE/workspace_1.18.1/STEVAL-25R3916B_V2.1.0/Middlewares/Third_Party/LibJPEG/source/jcmarker.c:576:1:write_scan_header	64	static
C:/Users/lenat/STM32CubeIDE/workspace_1.18.1/STEVAL-25R3916B_V2.1.0/Middlewares/Third_Party/LibJPEG/source/jcmarker.c:620:1:write_file_trailer	8	static
C:/Users/lenat/STM32CubeIDE/workspace_1.18.1/STEVAL-25R3916B_V2.1.0/Middlewares/Third_Party/LibJPEG/source/jcmarker.c:634:1:write_tables_only	24	static
C:/Users/lenat/STM32CubeIDE/workspace_1.18.1/STEVAL-25R3916B_V2.1.0/Middlewares/Third_Party/LibJPEG/source/jcmarker.c:663:1:jinit_marker_writer	8	static
