C:/Users/lenat/STM32CubeIDE/workspace_1.18.1/STEVAL-25R3916B_V2.1.0/Middlewares/Third_Party/LibJPEG/source/jdatadst.c:66:1:init_destination	8	static
C:/Users/lenat/STM32CubeIDE/workspace_1.18.1/STEVAL-25R3916B_V2.1.0/Middlewares/Third_Party/LibJPEG/source/jdatadst.c:81:1:init_mem_destination	0	static
C:/Users/lenat/STM32CubeIDE/workspace_1.18.1/STEVAL-25R3916B_V2.1.0/Middlewares/Third_Party/LibJPEG/source/jdatadst.c:181:1:term_mem_destination	0	static
C:/Users/lenat/STM32CubeIDE/workspace_1.18.1/STEVAL-25R3916B_V2.1.0/Middlewares/Third_Party/LibJPEG/source/jdatadst.c:167:1:term_destination	16	static
C:/Users/lenat/STM32CubeIDE/workspace_1.18.1/STEVAL-25R3916B_V2.1.0/Middlewares/Third_Party/LibJPEG/source/jdatadst.c:111:1:empty_output_buffer	16	static
C:/Users/lenat/STM32CubeIDE/workspace_1.18.1/STEVAL-25R3916B_V2.1.0/Middlewares/Third_Party/LibJPEG/source/jdatadst.c:127:1:empty_mem_output_buffer	24	static
C:/Users/lenat/STM32CubeIDE/workspace_1.18.1/STEVAL-25R3916B_V2.1.0/Middlewares/Third_Party/LibJPEG/source/jdatadst.c:197:1:jpeg_stdio_dest	16	static
C:/Users/lenat/STM32CubeIDE/workspace_1.18.1/STEVAL-25R3916B_V2.1.0/Middlewares/Third_Party/LibJPEG/source/jdatadst.c:233:1:jpeg_mem_dest	24	static
