C:/Users/lenat/STM32CubeIDE/workspace_1.18.1/STEVAL-25R3916B_V2.1.0/Middlewares/Third_Party/LibJPEG/source/jquant1.c:460:1:color_quantize	36	static
C:/Users/lenat/STM32CubeIDE/workspace_1.18.1/STEVAL-25R3916B_V2.1.0/Middlewares/Third_Party/LibJPEG/source/jquant1.c:488:1:color_quantize3	28	static
C:/Users/lenat/STM32CubeIDE/workspace_1.18.1/STEVAL-25R3916B_V2.1.0/Middlewares/Third_Party/LibJPEG/source/jquant1.c:566:1:quantize3_ord_dither	72	static
C:/Users/lenat/STM32CubeIDE/workspace_1.18.1/STEVAL-25R3916B_V2.1.0/Middlewares/Third_Party/LibJPEG/source/jquant1.c:723:1:alloc_fs_workspace	24	static
C:/Users/lenat/STM32CubeIDE/workspace_1.18.1/STEVAL-25R3916B_V2.1.0/Middlewares/Third_Party/LibJPEG/source/jquant1.c:799:1:finish_pass_1_quant	0	static
C:/Users/lenat/STM32CubeIDE/workspace_1.18.1/STEVAL-25R3916B_V2.1.0/Middlewares/Third_Party/LibJPEG/source/jquant1.c:811:1:new_color_map_1_quant	8	static
C:/Users/lenat/STM32CubeIDE/workspace_1.18.1/STEVAL-25R3916B_V2.1.0/Middlewares/Third_Party/LibJPEG/source/jquant1.c:611:1:quantize_fs_dither	104	static
C:/Users/lenat/STM32CubeIDE/workspace_1.18.1/STEVAL-25R3916B_V2.1.0/Middlewares/Third_Party/LibJPEG/source/jquant1.c:516:1:quantize_ord_dither	64	static
C:/Users/lenat/STM32CubeIDE/workspace_1.18.1/STEVAL-25R3916B_V2.1.0/Middlewares/Third_Party/LibJPEG/source/jquant1.c:334:1:create_colorindex	40	static
C:/Users/lenat/STM32CubeIDE/workspace_1.18.1/STEVAL-25R3916B_V2.1.0/Middlewares/Third_Party/LibJPEG/source/jquant1.c:742:1:start_pass_1_quant	40	static
C:/Users/lenat/STM32CubeIDE/workspace_1.18.1/STEVAL-25R3916B_V2.1.0/Middlewares/Third_Party/LibJPEG/source/jquant1.c:822:1:jinit_1pass_quantizer	64	static
