C:/Users/lenat/STM32CubeIDE/workspace_1.18.1/STEVAL-25R3916B_V2.1.0/Middlewares/ST/fw_3916/DISCO-STM32L4x6/Src/ce.c:91:6:ceInitalize	16	static
C:/Users/lenat/STM32CubeIDE/workspace_1.18.1/STEVAL-25R3916B_V2.1.0/Middlewares/ST/fw_3916/DISCO-STM32L4x6/Src/ce.c:317:12:ceStart	72	static
C:/Users/lenat/STM32CubeIDE/workspace_1.18.1/STEVAL-25R3916B_V2.1.0/Middlewares/ST/fw_3916/DISCO-STM32L4x6/Src/ce.c:393:12:ceStop	8	static
C:/Users/lenat/STM32CubeIDE/workspace_1.18.1/STEVAL-25R3916B_V2.1.0/Middlewares/ST/fw_3916/DISCO-STM32L4x6/Src/ce.c:404:12:ceGetRx	40	static
C:/Users/lenat/STM32CubeIDE/workspace_1.18.1/STEVAL-25R3916B_V2.1.0/Middlewares/ST/fw_3916/DISCO-STM32L4x6/Src/ce.c:512:12:ceSetTx	40	static
C:/Users/lenat/STM32CubeIDE/workspace_1.18.1/STEVAL-25R3916B_V2.1.0/Middlewares/ST/fw_3916/DISCO-STM32L4x6/Src/ce.c:562:12:ceGetListenState	16	static
C:/Users/lenat/STM32CubeIDE/workspace_1.18.1/STEVAL-25R3916B_V2.1.0/Middlewares/ST/fw_3916/DISCO-STM32L4x6/Src/ce.c:573:6:ceNfcaCardemu4A	32	static
C:/Users/lenat/STM32CubeIDE/workspace_1.18.1/STEVAL-25R3916B_V2.1.0/Middlewares/ST/fw_3916/DISCO-STM32L4x6/Src/ce.c:593:6:ceNfcfCardemu3	8	static
C:/Users/lenat/STM32CubeIDE/workspace_1.18.1/STEVAL-25R3916B_V2.1.0/Middlewares/ST/fw_3916/DISCO-STM32L4x6/Src/ce.c:130:6:ceHandler	56	static
