C:/Users/lenat/STM32CubeIDE/workspace_1.18.1/STEVAL-25R3916B_V2.1.0/Middlewares/ST/fw_3916/DISCO-STM32L4x6/Src/iso14443_common.c:55:12:iso14443TransmitAndReceiveL4	56	static
C:/Users/lenat/STM32CubeIDE/workspace_1.18.1/STEVAL-25R3916B_V2.1.0/Middlewares/ST/fw_3916/DISCO-STM32L4x6/Src/iso14443_common.c:86:12:iso14443TransmitAndReceive	24	static
C:/Users/lenat/STM32CubeIDE/workspace_1.18.1/STEVAL-25R3916B_V2.1.0/Middlewares/ST/fw_3916/DISCO-STM32L4x6/Src/iso14443_common.c:101:12:iso14443Deselect	8	static
