C:/Users/lenat/STM32CubeIDE/workspace_1.18.1/STEVAL-25R3916B_V2.1.0/Middlewares/ST/fw_3916/DISCO-STM32L4x6/Src/kovio.c:56:9:reverse8	0	static
C:/Users/lenat/STM32CubeIDE/workspace_1.18.1/STEVAL-25R3916B_V2.1.0/Middlewares/ST/fw_3916/DISCO-STM32L4x6/Src/kovio.c:87:12:kovioInitialize	8	static
C:/Users/lenat/STM32CubeIDE/workspace_1.18.1/STEVAL-25R3916B_V2.1.0/Middlewares/ST/fw_3916/DISCO-STM32L4x6/Src/kovio.c:93:12:kovioDeinitialize	8	static
C:/Users/lenat/STM32CubeIDE/workspace_1.18.1/STEVAL-25R3916B_V2.1.0/Middlewares/ST/fw_3916/DISCO-STM32L4x6/Src/kovio.c:103:12:kovioRead	56	static
