C:/Users/lenat/STM32CubeIDE/workspace_1.18.1/STEVAL-25R3916B_V2.1.0/Drivers/STM32L4xx_HAL_Driver/Src/stm32l4xx_hal_crc.c:438:17:CRC_Handle_8	12	static
C:/Users/lenat/STM32CubeIDE/workspace_1.18.1/STEVAL-25R3916B_V2.1.0/Drivers/STM32L4xx_HAL_Driver/Src/stm32l4xx_hal_crc.c:489:17:CRC_Handle_16	16	static
C:/Users/lenat/STM32CubeIDE/workspace_1.18.1/STEVAL-25R3916B_V2.1.0/Drivers/STM32L4xx_HAL_Driver/Src/stm32l4xx_hal_crc.c:229:13:HAL_CRC_MspInit	0	static
C:/Users/lenat/STM32CubeIDE/workspace_1.18.1/STEVAL-25R3916B_V2.1.0/Drivers/STM32L4xx_HAL_Driver/Src/stm32l4xx_hal_crc.c:103:19:HAL_CRC_Init	8	static
C:/Users/lenat/STM32CubeIDE/workspace_1.18.1/STEVAL-25R3916B_V2.1.0/Drivers/STM32L4xx_HAL_Driver/Src/stm32l4xx_hal_crc.c:244:13:HAL_CRC_MspDeInit	0	static
C:/Users/lenat/STM32CubeIDE/workspace_1.18.1/STEVAL-25R3916B_V2.1.0/Drivers/STM32L4xx_HAL_Driver/Src/stm32l4xx_hal_crc.c:179:19:HAL_CRC_DeInit	16	static
C:/Users/lenat/STM32CubeIDE/workspace_1.18.1/STEVAL-25R3916B_V2.1.0/Drivers/STM32L4xx_HAL_Driver/Src/stm32l4xx_hal_crc.c:293:10:HAL_CRC_Accumulate	8	static
C:/Users/lenat/STM32CubeIDE/workspace_1.18.1/STEVAL-25R3916B_V2.1.0/Drivers/STM32L4xx_HAL_Driver/Src/stm32l4xx_hal_crc.c:345:10:HAL_CRC_Calculate	8	static
C:/Users/lenat/STM32CubeIDE/workspace_1.18.1/STEVAL-25R3916B_V2.1.0/Drivers/STM32L4xx_HAL_Driver/Src/stm32l4xx_hal_crc.c:412:22:HAL_CRC_GetState	0	static
