C:/Users/lenat/STM32CubeIDE/workspace_1.18.1/STEVAL-25R3916B_V2.1.0/Middlewares/ST/RFAL/source/rfal_analogConfig.c:119:6:rfalAnalogConfigInitialize	0	static
C:/Users/lenat/STM32CubeIDE/workspace_1.18.1/STEVAL-25R3916B_V2.1.0/Middlewares/ST/RFAL/source/rfal_analogConfig.c:137:6:rfalAnalogConfigIsReady	0	static
C:/Users/lenat/STM32CubeIDE/workspace_1.18.1/STEVAL-25R3916B_V2.1.0/Middlewares/ST/RFAL/source/rfal_analogConfig.c:144:12:rfalAnalogConfigListWriteRaw	0	static
C:/Users/lenat/STM32CubeIDE/workspace_1.18.1/STEVAL-25R3916B_V2.1.0/Middlewares/ST/RFAL/source/rfal_analogConfig.c:185:12:rfalAnalogConfigListWrite	0	static
C:/Users/lenat/STM32CubeIDE/workspace_1.18.1/STEVAL-25R3916B_V2.1.0/Middlewares/ST/RFAL/source/rfal_analogConfig.c:249:12:rfalAnalogConfigListReadRaw	16	static
C:/Users/lenat/STM32CubeIDE/workspace_1.18.1/STEVAL-25R3916B_V2.1.0/Middlewares/ST/RFAL/source/rfal_analogConfig.c:275:12:rfalAnalogConfigListRead	24	static
C:/Users/lenat/STM32CubeIDE/workspace_1.18.1/STEVAL-25R3916B_V2.1.0/Middlewares/ST/RFAL/source/rfal_analogConfig.c:308:12:rfalSetAnalogConfig	32	static
C:/Users/lenat/STM32CubeIDE/workspace_1.18.1/STEVAL-25R3916B_V2.1.0/Middlewares/ST/RFAL/source/rfal_analogConfig.c:358:10:rfalAnalogConfigGenModeID	0	static
