C:/Users/lenat/STM32CubeIDE/workspace_1.18.1/STEVAL-25R3916B_V2.1.0/Middlewares/ST/RFAL/source/rfal_nfcb.c:195:19:rfalNfcbCheckSensbRes	0	static
C:/Users/lenat/STM32CubeIDE/workspace_1.18.1/STEVAL-25R3916B_V2.1.0/Middlewares/ST/RFAL/source/rfal_nfcb.c:216:19:rfalNfcbPollerSleepTx	32	static
C:/Users/lenat/STM32CubeIDE/workspace_1.18.1/STEVAL-25R3916B_V2.1.0/Middlewares/ST/RFAL/source/rfal_nfcb.c:243:12:rfalNfcbPollerInitialize	8	static
C:/Users/lenat/STM32CubeIDE/workspace_1.18.1/STEVAL-25R3916B_V2.1.0/Middlewares/ST/RFAL/source/rfal_nfcb.c:262:12:rfalNfcbPollerInitializeWithParams	16	static
C:/Users/lenat/STM32CubeIDE/workspace_1.18.1/STEVAL-25R3916B_V2.1.0/Middlewares/ST/RFAL/source/rfal_nfcb.c:288:12:rfalNfcbPollerStartCheckPresence	40	static
C:/Users/lenat/STM32CubeIDE/workspace_1.18.1/STEVAL-25R3916B_V2.1.0/Middlewares/ST/RFAL/source/rfal_nfcb.c:317:12:rfalNfcbPollerGetCheckPresenceStatus	8	static
C:/Users/lenat/STM32CubeIDE/workspace_1.18.1/STEVAL-25R3916B_V2.1.0/Middlewares/ST/RFAL/source/rfal_nfcb.c:276:12:rfalNfcbPollerCheckPresence	8	static
C:/Users/lenat/STM32CubeIDE/workspace_1.18.1/STEVAL-25R3916B_V2.1.0/Middlewares/ST/RFAL/source/rfal_nfcb.c:344:12:rfalNfcbPollerSleep	40	static
C:/Users/lenat/STM32CubeIDE/workspace_1.18.1/STEVAL-25R3916B_V2.1.0/Middlewares/ST/RFAL/source/rfal_nfcb.c:384:12:rfalNfcbPollerStartSlotMarker	32	static
C:/Users/lenat/STM32CubeIDE/workspace_1.18.1/STEVAL-25R3916B_V2.1.0/Middlewares/ST/RFAL/source/rfal_nfcb.c:406:12:rfalNfcbPollerGetSlotMarkerStatus	8	static
C:/Users/lenat/STM32CubeIDE/workspace_1.18.1/STEVAL-25R3916B_V2.1.0/Middlewares/ST/RFAL/source/rfal_nfcb.c:372:12:rfalNfcbPollerSlotMarker	8	static
C:/Users/lenat/STM32CubeIDE/workspace_1.18.1/STEVAL-25R3916B_V2.1.0/Middlewares/ST/RFAL/source/rfal_nfcb.c:431:12:rfalNfcbPollerTechnologyDetection	8	static
C:/Users/lenat/STM32CubeIDE/workspace_1.18.1/STEVAL-25R3916B_V2.1.0/Middlewares/ST/RFAL/source/rfal_nfcb.c:438:12:rfalNfcbPollerStartTechnologyDetection	8	static
C:/Users/lenat/STM32CubeIDE/workspace_1.18.1/STEVAL-25R3916B_V2.1.0/Middlewares/ST/RFAL/source/rfal_nfcb.c:445:12:rfalNfcbPollerGetTechnologyDetectionStatus	8	static
C:/Users/lenat/STM32CubeIDE/workspace_1.18.1/STEVAL-25R3916B_V2.1.0/Middlewares/ST/RFAL/source/rfal_nfcb.c:483:12:rfalNfcbPollerStartSlottedCollisionResolution	16	static
C:/Users/lenat/STM32CubeIDE/workspace_1.18.1/STEVAL-25R3916B_V2.1.0/Middlewares/ST/RFAL/source/rfal_nfcb.c:476:12:rfalNfcbPollerStartCollisionResolution	24	static
C:/Users/lenat/STM32CubeIDE/workspace_1.18.1/STEVAL-25R3916B_V2.1.0/Middlewares/ST/RFAL/source/rfal_nfcb.c:515:12:rfalNfcbPollerGetCollisionResolutionStatus	24	static
C:/Users/lenat/STM32CubeIDE/workspace_1.18.1/STEVAL-25R3916B_V2.1.0/Middlewares/ST/RFAL/source/rfal_nfcb.c:452:12:rfalNfcbPollerCollisionResolution	8	static
C:/Users/lenat/STM32CubeIDE/workspace_1.18.1/STEVAL-25R3916B_V2.1.0/Middlewares/ST/RFAL/source/rfal_nfcb.c:464:12:rfalNfcbPollerSlottedCollisionResolution	24	static
C:/Users/lenat/STM32CubeIDE/workspace_1.18.1/STEVAL-25R3916B_V2.1.0/Middlewares/ST/RFAL/source/rfal_nfcb.c:716:10:rfalNfcbTR2ToFDT	8	static
