C:/Users/lenat/STM32CubeIDE/workspace_1.18.1/STEVAL-25R3916B_V2.1.0/Middlewares/ST/RFAL/source/rfal_st25tb.c:241:12:rfalSt25tbPollerInitialize	8	static
C:/Users/lenat/STM32CubeIDE/workspace_1.18.1/STEVAL-25R3916B_V2.1.0/Middlewares/ST/RFAL/source/rfal_st25tb.c:275:12:rfalSt25tbPollerInitiate	32	static
C:/Users/lenat/STM32CubeIDE/workspace_1.18.1/STEVAL-25R3916B_V2.1.0/Middlewares/ST/RFAL/source/rfal_st25tb.c:248:12:rfalSt25tbPollerCheckPresence	16	static
C:/Users/lenat/STM32CubeIDE/workspace_1.18.1/STEVAL-25R3916B_V2.1.0/Middlewares/ST/RFAL/source/rfal_st25tb.c:306:12:rfalSt25tbPollerPcall	32	static
C:/Users/lenat/STM32CubeIDE/workspace_1.18.1/STEVAL-25R3916B_V2.1.0/Middlewares/ST/RFAL/source/rfal_st25tb.c:330:12:rfalSt25tbPollerSlotMarker	32	static
C:/Users/lenat/STM32CubeIDE/workspace_1.18.1/STEVAL-25R3916B_V2.1.0/Middlewares/ST/RFAL/source/rfal_st25tb.c:359:12:rfalSt25tbPollerSelect	32	static
C:/Users/lenat/STM32CubeIDE/workspace_1.18.1/STEVAL-25R3916B_V2.1.0/Middlewares/ST/RFAL/source/rfal_st25tb.c:384:12:rfalSt25tbPollerGetUID	32	static
C:/Users/lenat/STM32CubeIDE/workspace_1.18.1/STEVAL-25R3916B_V2.1.0/Middlewares/ST/RFAL/source/rfal_st25tb.c:408:12:rfalSt25tbPollerCollisionResolution	48	static
C:/Users/lenat/STM32CubeIDE/workspace_1.18.1/STEVAL-25R3916B_V2.1.0/Middlewares/ST/RFAL/source/rfal_st25tb.c:459:12:rfalSt25tbPollerReadBlock	32	static
C:/Users/lenat/STM32CubeIDE/workspace_1.18.1/STEVAL-25R3916B_V2.1.0/Middlewares/ST/RFAL/source/rfal_st25tb.c:484:12:rfalSt25tbPollerWriteBlock	48	static
C:/Users/lenat/STM32CubeIDE/workspace_1.18.1/STEVAL-25R3916B_V2.1.0/Middlewares/ST/RFAL/source/rfal_st25tb.c:535:12:rfalSt25tbPollerCompletion	32	static
C:/Users/lenat/STM32CubeIDE/workspace_1.18.1/STEVAL-25R3916B_V2.1.0/Middlewares/ST/RFAL/source/rfal_st25tb.c:548:12:rfalSt25tbPollerResetToInventory	32	static
