C:/Users/lenat/STM32CubeIDE/workspace_1.18.1/STEVAL-25R3916B_V2.1.0/Middlewares/ST/RFAL/source/rfal_st25xv.c:104:19:rfalST25xVPollerGenericReadConfiguration	80	static
C:/Users/lenat/STM32CubeIDE/workspace_1.18.1/STEVAL-25R3916B_V2.1.0/Middlewares/ST/RFAL/source/rfal_st25xv.c:134:19:rfalST25xVPollerGenericWriteConfiguration	80	static
C:/Users/lenat/STM32CubeIDE/workspace_1.18.1/STEVAL-25R3916B_V2.1.0/Middlewares/ST/RFAL/source/rfal_st25xv.c:151:19:rfalST25xVPollerGenericReadMessageLength	80	static
C:/Users/lenat/STM32CubeIDE/workspace_1.18.1/STEVAL-25R3916B_V2.1.0/Middlewares/ST/RFAL/source/rfal_st25xv.c:193:19:rfalST25xVPollerGenericWriteMessage	96	static
C:/Users/lenat/STM32CubeIDE/workspace_1.18.1/STEVAL-25R3916B_V2.1.0/Middlewares/ST/RFAL/source/rfal_st25xv.c:280:12:rfalST25xVPollerM24LRReadSingleBlock	40	static
C:/Users/lenat/STM32CubeIDE/workspace_1.18.1/STEVAL-25R3916B_V2.1.0/Middlewares/ST/RFAL/source/rfal_st25xv.c:295:12:rfalST25xVPollerM24LRWriteSingleBlock	120	static
C:/Users/lenat/STM32CubeIDE/workspace_1.18.1/STEVAL-25R3916B_V2.1.0/Middlewares/ST/RFAL/source/rfal_st25xv.c:320:12:rfalST25xVPollerM24LRReadMultipleBlocks	40	static
C:/Users/lenat/STM32CubeIDE/workspace_1.18.1/STEVAL-25R3916B_V2.1.0/Middlewares/ST/RFAL/source/rfal_st25xv.c:336:12:rfalST25xVPollerFastReadSingleBlock	40	static
C:/Users/lenat/STM32CubeIDE/workspace_1.18.1/STEVAL-25R3916B_V2.1.0/Middlewares/ST/RFAL/source/rfal_st25xv.c:346:12:rfalST25xVPollerM24LRFastReadSingleBlock	40	static
C:/Users/lenat/STM32CubeIDE/workspace_1.18.1/STEVAL-25R3916B_V2.1.0/Middlewares/ST/RFAL/source/rfal_st25xv.c:361:12:rfalST25xVPollerM24LRFastReadMultipleBlocks	40	static
C:/Users/lenat/STM32CubeIDE/workspace_1.18.1/STEVAL-25R3916B_V2.1.0/Middlewares/ST/RFAL/source/rfal_st25xv.c:377:12:rfalST25xVPollerFastReadMultipleBlocks	40	static
C:/Users/lenat/STM32CubeIDE/workspace_1.18.1/STEVAL-25R3916B_V2.1.0/Middlewares/ST/RFAL/source/rfal_st25xv.c:392:12:rfalST25xVPollerFastExtendedReadSingleBlock	40	static
C:/Users/lenat/STM32CubeIDE/workspace_1.18.1/STEVAL-25R3916B_V2.1.0/Middlewares/ST/RFAL/source/rfal_st25xv.c:407:12:rfalST25xVPollerFastExtReadMultipleBlocks	40	static
C:/Users/lenat/STM32CubeIDE/workspace_1.18.1/STEVAL-25R3916B_V2.1.0/Middlewares/ST/RFAL/source/rfal_st25xv.c:424:12:rfalST25xVPollerReadConfiguration	16	static
C:/Users/lenat/STM32CubeIDE/workspace_1.18.1/STEVAL-25R3916B_V2.1.0/Middlewares/ST/RFAL/source/rfal_st25xv.c:430:12:rfalST25xVPollerWriteConfiguration	16	static
C:/Users/lenat/STM32CubeIDE/workspace_1.18.1/STEVAL-25R3916B_V2.1.0/Middlewares/ST/RFAL/source/rfal_st25xv.c:436:12:rfalST25xVPollerReadDynamicConfiguration	16	static
C:/Users/lenat/STM32CubeIDE/workspace_1.18.1/STEVAL-25R3916B_V2.1.0/Middlewares/ST/RFAL/source/rfal_st25xv.c:442:12:rfalST25xVPollerWriteDynamicConfiguration	16	static
C:/Users/lenat/STM32CubeIDE/workspace_1.18.1/STEVAL-25R3916B_V2.1.0/Middlewares/ST/RFAL/source/rfal_st25xv.c:448:12:rfalST25xVPollerFastReadDynamicConfiguration	16	static
C:/Users/lenat/STM32CubeIDE/workspace_1.18.1/STEVAL-25R3916B_V2.1.0/Middlewares/ST/RFAL/source/rfal_st25xv.c:454:12:rfalST25xVPollerFastWriteDynamicConfiguration	16	static
C:/Users/lenat/STM32CubeIDE/workspace_1.18.1/STEVAL-25R3916B_V2.1.0/Middlewares/ST/RFAL/source/rfal_st25xv.c:460:12:rfalST25xVPollerPresentPassword	96	static
C:/Users/lenat/STM32CubeIDE/workspace_1.18.1/STEVAL-25R3916B_V2.1.0/Middlewares/ST/RFAL/source/rfal_st25xv.c:485:12:rfalST25xVPollerWritePassword	96	static
C:/Users/lenat/STM32CubeIDE/workspace_1.18.1/STEVAL-25R3916B_V2.1.0/Middlewares/ST/RFAL/source/rfal_st25xv.c:510:12:rfalST25xVPollerGetRandomNumber	48	static
C:/Users/lenat/STM32CubeIDE/workspace_1.18.1/STEVAL-25R3916B_V2.1.0/Middlewares/ST/RFAL/source/rfal_st25xv.c:521:12:rfalST25xVPollerWriteMessage	24	static
C:/Users/lenat/STM32CubeIDE/workspace_1.18.1/STEVAL-25R3916B_V2.1.0/Middlewares/ST/RFAL/source/rfal_st25xv.c:527:12:rfalST25xVPollerFastWriteMessage	24	static
C:/Users/lenat/STM32CubeIDE/workspace_1.18.1/STEVAL-25R3916B_V2.1.0/Middlewares/ST/RFAL/source/rfal_st25xv.c:533:12:rfalST25xVPollerReadMessageLength	8	static
C:/Users/lenat/STM32CubeIDE/workspace_1.18.1/STEVAL-25R3916B_V2.1.0/Middlewares/ST/RFAL/source/rfal_st25xv.c:539:12:rfalST25xVPollerFastReadMsgLength	8	static
C:/Users/lenat/STM32CubeIDE/workspace_1.18.1/STEVAL-25R3916B_V2.1.0/Middlewares/ST/RFAL/source/rfal_st25xv.c:545:12:rfalST25xVPollerReadMessage	40	static
C:/Users/lenat/STM32CubeIDE/workspace_1.18.1/STEVAL-25R3916B_V2.1.0/Middlewares/ST/RFAL/source/rfal_st25xv.c:551:12:rfalST25xVPollerFastReadMessage	40	static
