C:/Users/lenat/STM32CubeIDE/workspace_1.18.1/STEVAL-25R3916B_V2.1.0/Middlewares/ST/RFAL/source/st25r3916/st25r3916.c:255:6:st25r3916Deinitialize	8	static
C:/Users/lenat/STM32CubeIDE/workspace_1.18.1/STEVAL-25R3916B_V2.1.0/Middlewares/ST/RFAL/source/st25r3916/st25r3916.c:270:12:st25r3916OscOn	8	static
C:/Users/lenat/STM32CubeIDE/workspace_1.18.1/STEVAL-25R3916B_V2.1.0/Middlewares/ST/RFAL/source/st25r3916/st25r3916.c:299:12:st25r3916ExecuteCommandAndGetResult	24	static
C:/Users/lenat/STM32CubeIDE/workspace_1.18.1/STEVAL-25R3916B_V2.1.0/Middlewares/ST/RFAL/source/st25r3916/st25r3916.c:322:9:st25r3916MeasurePowerSupply	16	static
C:/Users/lenat/STM32CubeIDE/workspace_1.18.1/STEVAL-25R3916B_V2.1.0/Middlewares/ST/RFAL/source/st25r3916/st25r3916.c:337:10:st25r3916MeasureVoltage	8	static
C:/Users/lenat/STM32CubeIDE/workspace_1.18.1/STEVAL-25R3916B_V2.1.0/Middlewares/ST/RFAL/source/st25r3916/st25r3916.c:353:12:st25r3916AdjustRegulators	16	static
C:/Users/lenat/STM32CubeIDE/workspace_1.18.1/STEVAL-25R3916B_V2.1.0/Middlewares/ST/RFAL/source/st25r3916/st25r3916.c:386:12:st25r3916MeasureAmplitude	8	static
C:/Users/lenat/STM32CubeIDE/workspace_1.18.1/STEVAL-25R3916B_V2.1.0/Middlewares/ST/RFAL/source/st25r3916/st25r3916.c:393:12:st25r3916MeasurePhase	8	static
C:/Users/lenat/STM32CubeIDE/workspace_1.18.1/STEVAL-25R3916B_V2.1.0/Middlewares/ST/RFAL/source/st25r3916/st25r3916.c:400:12:st25r3916MeasureCapacitance	0	static
C:/Users/lenat/STM32CubeIDE/workspace_1.18.1/STEVAL-25R3916B_V2.1.0/Middlewares/ST/RFAL/source/st25r3916/st25r3916.c:411:12:st25r3916CalibrateCapacitiveSensor	0	static
C:/Users/lenat/STM32CubeIDE/workspace_1.18.1/STEVAL-25R3916B_V2.1.0/Middlewares/ST/RFAL/source/st25r3916/st25r3916.c:443:12:st25r3916SetBitrate	24	static
C:/Users/lenat/STM32CubeIDE/workspace_1.18.1/STEVAL-25R3916B_V2.1.0/Middlewares/ST/RFAL/source/st25r3916/st25r3916.c:474:12:st25r3916PerformCollisionAvoidance	16	static
C:/Users/lenat/STM32CubeIDE/workspace_1.18.1/STEVAL-25R3916B_V2.1.0/Middlewares/ST/RFAL/source/st25r3916/st25r3916.c:550:6:st25r3916SetNumTxBits	8	static
C:/Users/lenat/STM32CubeIDE/workspace_1.18.1/STEVAL-25R3916B_V2.1.0/Middlewares/ST/RFAL/source/st25r3916/st25r3916.c:558:10:st25r3916GetNumFIFOBytes	16	static
C:/Users/lenat/STM32CubeIDE/workspace_1.18.1/STEVAL-25R3916B_V2.1.0/Middlewares/ST/RFAL/source/st25r3916/st25r3916.c:576:9:st25r3916GetNumFIFOLastBits	16	static
C:/Users/lenat/STM32CubeIDE/workspace_1.18.1/STEVAL-25R3916B_V2.1.0/Middlewares/ST/RFAL/source/st25r3916/st25r3916.c:587:10:st25r3916GetNoResponseTime	0	static
C:/Users/lenat/STM32CubeIDE/workspace_1.18.1/STEVAL-25R3916B_V2.1.0/Middlewares/ST/RFAL/source/st25r3916/st25r3916.c:594:12:st25r3916SetNoResponseTime	16	static
C:/Users/lenat/STM32CubeIDE/workspace_1.18.1/STEVAL-25R3916B_V2.1.0/Middlewares/ST/RFAL/source/st25r3916/st25r3916.c:630:12:st25r3916SetStartNoResponseTimer	8	static
C:/Users/lenat/STM32CubeIDE/workspace_1.18.1/STEVAL-25R3916B_V2.1.0/Middlewares/ST/RFAL/source/st25r3916/st25r3916.c:645:6:st25r3916SetGPTime	8	static
C:/Users/lenat/STM32CubeIDE/workspace_1.18.1/STEVAL-25R3916B_V2.1.0/Middlewares/ST/RFAL/source/st25r3916/st25r3916.c:653:12:st25r3916SetStartGPTimer	8	static
C:/Users/lenat/STM32CubeIDE/workspace_1.18.1/STEVAL-25R3916B_V2.1.0/Middlewares/ST/RFAL/source/st25r3916/st25r3916.c:669:6:st25r3916CheckChipID	16	static
C:/Users/lenat/STM32CubeIDE/workspace_1.18.1/STEVAL-25R3916B_V2.1.0/Middlewares/ST/RFAL/source/st25r3916/st25r3916.c:113:12:st25r3916Initialize	8	static
C:/Users/lenat/STM32CubeIDE/workspace_1.18.1/STEVAL-25R3916B_V2.1.0/Middlewares/ST/RFAL/source/st25r3916/st25r3916.c:701:12:st25r3916GetRegsDump	16	static
C:/Users/lenat/STM32CubeIDE/workspace_1.18.1/STEVAL-25R3916B_V2.1.0/Middlewares/ST/RFAL/source/st25r3916/st25r3916.c:756:6:st25r3916IsCmdValid	0	static
C:/Users/lenat/STM32CubeIDE/workspace_1.18.1/STEVAL-25R3916B_V2.1.0/Middlewares/ST/RFAL/source/st25r3916/st25r3916.c:775:12:st25r3916StreamConfigure	8	static
C:/Users/lenat/STM32CubeIDE/workspace_1.18.1/STEVAL-25R3916B_V2.1.0/Middlewares/ST/RFAL/source/st25r3916/st25r3916.c:825:12:st25r3916GetRSSI	24	static
C:/Users/lenat/STM32CubeIDE/workspace_1.18.1/STEVAL-25R3916B_V2.1.0/Middlewares/ST/RFAL/source/st25r3916/st25r3916.c:857:12:st25r3916SetAntennaMode	8	static
