C:/Users/lenat/STM32CubeIDE/workspace_1.18.1/STEVAL-25R3916B_V2.1.0/Middlewares/ST/RFAL/source/st25r3916/st25r3916_com.c:179:13:st25r3916comStart	8	static,ignoring_inline_asm
C:/Users/lenat/STM32CubeIDE/workspace_1.18.1/STEVAL-25R3916B_V2.1.0/Middlewares/ST/RFAL/source/st25r3916/st25r3916_com.c:202:13:st25r3916comStop	8	static,ignoring_inline_asm
C:/Users/lenat/STM32CubeIDE/workspace_1.18.1/STEVAL-25R3916B_V2.1.0/Middlewares/ST/RFAL/source/st25r3916/st25r3916_com.c:305:13:st25r3916comTxByte	16	static
C:/Users/lenat/STM32CubeIDE/workspace_1.18.1/STEVAL-25R3916B_V2.1.0/Middlewares/ST/RFAL/source/st25r3916/st25r3916_com.c:259:13:st25r3916comRx	32	static
C:/Users/lenat/STM32CubeIDE/workspace_1.18.1/STEVAL-25R3916B_V2.1.0/Middlewares/ST/RFAL/source/st25r3916/st25r3916_com.c:325:12:st25r3916ReadMultipleRegisters	16	static
C:/Users/lenat/STM32CubeIDE/workspace_1.18.1/STEVAL-25R3916B_V2.1.0/Middlewares/ST/RFAL/source/st25r3916/st25r3916_com.c:318:12:st25r3916ReadRegister	8	static
C:/Users/lenat/STM32CubeIDE/workspace_1.18.1/STEVAL-25R3916B_V2.1.0/Middlewares/ST/RFAL/source/st25r3916/st25r3916_com.c:356:12:st25r3916WriteMultipleRegisters	16	static
C:/Users/lenat/STM32CubeIDE/workspace_1.18.1/STEVAL-25R3916B_V2.1.0/Middlewares/ST/RFAL/source/st25r3916/st25r3916_com.c:348:12:st25r3916WriteRegister	16	static
C:/Users/lenat/STM32CubeIDE/workspace_1.18.1/STEVAL-25R3916B_V2.1.0/Middlewares/ST/RFAL/source/st25r3916/st25r3916_com.c:380:12:st25r3916WriteFifo	16	static
C:/Users/lenat/STM32CubeIDE/workspace_1.18.1/STEVAL-25R3916B_V2.1.0/Middlewares/ST/RFAL/source/st25r3916/st25r3916_com.c:400:12:st25r3916ReadFifo	16	static
C:/Users/lenat/STM32CubeIDE/workspace_1.18.1/STEVAL-25R3916B_V2.1.0/Middlewares/ST/RFAL/source/st25r3916/st25r3916_com.c:417:12:st25r3916WritePTMem	16	static
C:/Users/lenat/STM32CubeIDE/workspace_1.18.1/STEVAL-25R3916B_V2.1.0/Middlewares/ST/RFAL/source/st25r3916/st25r3916_com.c:437:12:st25r3916ReadPTMem	72	static
C:/Users/lenat/STM32CubeIDE/workspace_1.18.1/STEVAL-25R3916B_V2.1.0/Middlewares/ST/RFAL/source/st25r3916/st25r3916_com.c:464:12:st25r3916WritePTMemF	16	static
C:/Users/lenat/STM32CubeIDE/workspace_1.18.1/STEVAL-25R3916B_V2.1.0/Middlewares/ST/RFAL/source/st25r3916/st25r3916_com.c:484:12:st25r3916WritePTMemTSN	16	static
C:/Users/lenat/STM32CubeIDE/workspace_1.18.1/STEVAL-25R3916B_V2.1.0/Middlewares/ST/RFAL/source/st25r3916/st25r3916_com.c:504:12:st25r3916ExecuteCommand	8	static
C:/Users/lenat/STM32CubeIDE/workspace_1.18.1/STEVAL-25R3916B_V2.1.0/Middlewares/ST/RFAL/source/st25r3916/st25r3916_com.c:518:12:st25r3916ReadTestRegister	16	static
C:/Users/lenat/STM32CubeIDE/workspace_1.18.1/STEVAL-25R3916B_V2.1.0/Middlewares/ST/RFAL/source/st25r3916/st25r3916_com.c:532:12:st25r3916WriteTestRegister	16	static
C:/Users/lenat/STM32CubeIDE/workspace_1.18.1/STEVAL-25R3916B_V2.1.0/Middlewares/ST/RFAL/source/st25r3916/st25r3916_com.c:547:12:st25r3916ClrRegisterBits	24	static
C:/Users/lenat/STM32CubeIDE/workspace_1.18.1/STEVAL-25R3916B_V2.1.0/Middlewares/ST/RFAL/source/st25r3916/st25r3916_com.c:567:12:st25r3916SetRegisterBits	24	static
C:/Users/lenat/STM32CubeIDE/workspace_1.18.1/STEVAL-25R3916B_V2.1.0/Middlewares/ST/RFAL/source/st25r3916/st25r3916_com.c:594:12:st25r3916ModifyRegister	24	static
C:/Users/lenat/STM32CubeIDE/workspace_1.18.1/STEVAL-25R3916B_V2.1.0/Middlewares/ST/RFAL/source/st25r3916/st25r3916_com.c:587:12:st25r3916ChangeRegisterBits	8	static
C:/Users/lenat/STM32CubeIDE/workspace_1.18.1/STEVAL-25R3916B_V2.1.0/Middlewares/ST/RFAL/source/st25r3916/st25r3916_com.c:619:12:st25r3916ChangeTestRegisterBits	24	static
C:/Users/lenat/STM32CubeIDE/workspace_1.18.1/STEVAL-25R3916B_V2.1.0/Middlewares/ST/RFAL/source/st25r3916/st25r3916_com.c:644:6:st25r3916CheckReg	24	static
C:/Users/lenat/STM32CubeIDE/workspace_1.18.1/STEVAL-25R3916B_V2.1.0/Middlewares/ST/RFAL/source/st25r3916/st25r3916_com.c:656:6:st25r3916IsRegValid	0	static
