C:/Users/lenat/STM32CubeIDE/workspace_1.18.1/STEVAL-25R3916B_V2.1.0/Middlewares/ST/RFAL/source/st25r3916/st25r3916_aat.c:247:17:aatCalcF	4	static
C:/Users/lenat/STM32CubeIDE/workspace_1.18.1/STEVAL-25R3916B_V2.1.0/Middlewares/ST/RFAL/source/st25r3916/st25r3916_aat.c:267:19:aatStepDacVals	8	static
C:/Users/lenat/STM32CubeIDE/workspace_1.18.1/STEVAL-25R3916B_V2.1.0/Middlewares/ST/RFAL/source/st25r3916/st25r3916_aat.c:297:19:aatMeasure	24	static
C:/Users/lenat/STM32CubeIDE/workspace_1.18.1/STEVAL-25R3916B_V2.1.0/Middlewares/ST/RFAL/source/st25r3916/st25r3916_aat.c:80:12:st25r3916AatTune	104	static
