C:/Users/lenat/STM32CubeIDE/workspace_1.18.1/STEVAL-25R3916B_V2.1.0/Middlewares/ST/NDEF/source/message/ndef_type_deviceinfo.c:91:17:ndefRtdDeviceInfoPayloadGetLength	0	static
C:/Users/lenat/STM32CubeIDE/workspace_1.18.1/STEVAL-25R3916B_V2.1.0/Middlewares/ST/NDEF/source/message/ndef_type_deviceinfo.c:117:23:ndefRtdDeviceInfoToPayloadItem	8	static
C:/Users/lenat/STM32CubeIDE/workspace_1.18.1/STEVAL-25R3916B_V2.1.0/Middlewares/ST/NDEF/source/message/ndef_type_deviceinfo.c:395:12:ndefRtdDeviceInfoToRecord	16	static
C:/Users/lenat/STM32CubeIDE/workspace_1.18.1/STEVAL-25R3916B_V2.1.0/Middlewares/ST/NDEF/source/message/ndef_type_deviceinfo.c:174:12:ndefRtdDeviceInfoInit	28	static
C:/Users/lenat/STM32CubeIDE/workspace_1.18.1/STEVAL-25R3916B_V2.1.0/Middlewares/ST/NDEF/source/message/ndef_type_deviceinfo.c:253:12:ndefGetRtdDeviceInfo	0	static
C:/Users/lenat/STM32CubeIDE/workspace_1.18.1/STEVAL-25R3916B_V2.1.0/Middlewares/ST/NDEF/source/message/ndef_type_deviceinfo.c:369:12:ndefRecordToRtdDeviceInfo	24	static
