C:/Users/lenat/STM32CubeIDE/workspace_1.18.1/STEVAL-25R3916B_V2.1.0/Middlewares/ST/NDEF/source/poller/ndef_t4t.c:144:13:ndefT4TInitializeIsoDepTxRxParam	0	static
C:/Users/lenat/STM32CubeIDE/workspace_1.18.1/STEVAL-25R3916B_V2.1.0/Middlewares/ST/NDEF/source/poller/ndef_t4t.c:158:19:ndefT4TTransceiveTxRx	40	static
C:/Users/lenat/STM32CubeIDE/workspace_1.18.1/STEVAL-25R3916B_V2.1.0/Middlewares/ST/NDEF/source/poller/ndef_t4t.c:342:12:ndefT4TPollerSelectNdefTagApplication	48	static
C:/Users/lenat/STM32CubeIDE/workspace_1.18.1/STEVAL-25R3916B_V2.1.0/Middlewares/ST/NDEF/source/poller/ndef_t4t.c:383:12:ndefT4TPollerSelectFile	56	static
C:/Users/lenat/STM32CubeIDE/workspace_1.18.1/STEVAL-25R3916B_V2.1.0/Middlewares/ST/NDEF/source/poller/ndef_t4t.c:411:12:ndefT4TPollerReadBinary	56	static
C:/Users/lenat/STM32CubeIDE/workspace_1.18.1/STEVAL-25R3916B_V2.1.0/Middlewares/ST/NDEF/source/poller/ndef_t4t.c:188:19:ndefT4TReadNlen	8	static
C:/Users/lenat/STM32CubeIDE/workspace_1.18.1/STEVAL-25R3916B_V2.1.0/Middlewares/ST/NDEF/source/poller/ndef_t4t.c:429:12:ndefT4TPollerReadBinaryODO	56	static
C:/Users/lenat/STM32CubeIDE/workspace_1.18.1/STEVAL-25R3916B_V2.1.0/Middlewares/ST/NDEF/source/poller/ndef_t4t.c:447:12:ndefT4TPollerReadBytes	32	static
C:/Users/lenat/STM32CubeIDE/workspace_1.18.1/STEVAL-25R3916B_V2.1.0/Middlewares/ST/NDEF/source/poller/ndef_t4t.c:500:12:ndefT4TPollerContextInitialization	16	static
C:/Users/lenat/STM32CubeIDE/workspace_1.18.1/STEVAL-25R3916B_V2.1.0/Middlewares/ST/NDEF/source/poller/ndef_t4t.c:523:12:ndefT4TPollerNdefDetect	24	static
C:/Users/lenat/STM32CubeIDE/workspace_1.18.1/STEVAL-25R3916B_V2.1.0/Middlewares/ST/NDEF/source/poller/ndef_t4t.c:604:12:ndefT4TPollerReadRawMessage	32	static
C:/Users/lenat/STM32CubeIDE/workspace_1.18.1/STEVAL-25R3916B_V2.1.0/Middlewares/ST/NDEF/source/poller/ndef_t4t.c:650:12:ndefT4TPollerWriteBinary	72	static
C:/Users/lenat/STM32CubeIDE/workspace_1.18.1/STEVAL-25R3916B_V2.1.0/Middlewares/ST/NDEF/source/poller/ndef_t4t.c:668:12:ndefT4TPollerWriteBinaryODO	72	static
C:/Users/lenat/STM32CubeIDE/workspace_1.18.1/STEVAL-25R3916B_V2.1.0/Middlewares/ST/NDEF/source/poller/ndef_t4t.c:686:12:ndefT4TPollerWriteBytes	24	static
C:/Users/lenat/STM32CubeIDE/workspace_1.18.1/STEVAL-25R3916B_V2.1.0/Middlewares/ST/NDEF/source/poller/ndef_t4t.c:727:12:ndefT4TPollerWriteRawMessageLen	24	static
C:/Users/lenat/STM32CubeIDE/workspace_1.18.1/STEVAL-25R3916B_V2.1.0/Middlewares/ST/NDEF/source/poller/ndef_t4t.c:834:12:ndefT4TPollerTagFormat	0	static
C:/Users/lenat/STM32CubeIDE/workspace_1.18.1/STEVAL-25R3916B_V2.1.0/Middlewares/ST/NDEF/source/poller/ndef_t4t.c:845:12:ndefT4TPollerCheckPresence	80	static
C:/Users/lenat/STM32CubeIDE/workspace_1.18.1/STEVAL-25R3916B_V2.1.0/Middlewares/ST/NDEF/source/poller/ndef_t4t.c:873:12:ndefT4TPollerCheckAvailableSpace	0	static
C:/Users/lenat/STM32CubeIDE/workspace_1.18.1/STEVAL-25R3916B_V2.1.0/Middlewares/ST/NDEF/source/poller/ndef_t4t.c:896:12:ndefT4TPollerBeginWriteMessage	8	static
C:/Users/lenat/STM32CubeIDE/workspace_1.18.1/STEVAL-25R3916B_V2.1.0/Middlewares/ST/NDEF/source/poller/ndef_t4t.c:926:12:ndefT4TPollerEndWriteMessage	16	static
C:/Users/lenat/STM32CubeIDE/workspace_1.18.1/STEVAL-25R3916B_V2.1.0/Middlewares/ST/NDEF/source/poller/ndef_t4t.c:770:12:ndefT4TPollerWriteRawMessage	24	static
C:/Users/lenat/STM32CubeIDE/workspace_1.18.1/STEVAL-25R3916B_V2.1.0/Middlewares/ST/NDEF/source/poller/ndef_t4t.c:956:12:ndefT4TPollerSetReadOnly	0	static
