C:/Users/lenat/STM32CubeIDE/workspace_1.18.1/STEVAL-25R3916B_V2.1.0/Middlewares/ST/NDEF/source/message/ndef_types.c:177:12:ndefTypeToRecord	8	static
C:/Users/lenat/STM32CubeIDE/workspace_1.18.1/STEVAL-25R3916B_V2.1.0/Middlewares/ST/NDEF/source/message/ndef_types.c:194:12:ndefRecordSetNdefType	8	static
C:/Users/lenat/STM32CubeIDE/workspace_1.18.1/STEVAL-25R3916B_V2.1.0/Middlewares/ST/NDEF/source/message/ndef_types.c:220:17:ndefRecordGetNdefType	0	static
C:/Users/lenat/STM32CubeIDE/workspace_1.18.1/STEVAL-25R3916B_V2.1.0/Middlewares/ST/NDEF/source/message/ndef_types.c:85:12:ndefRecordToType	24	static
