C:/Users/lenat/STM32CubeIDE/workspace_1.18.1/STEVAL-25R3916B_V2.1.0/Middlewares/ST/NDEF/source/poller/ndef_t2t.c:289:19:ndefT2TPollerSplitIntoAvailableAreas	12	static
C:/Users/lenat/STM32CubeIDE/workspace_1.18.1/STEVAL-25R3916B_V2.1.0/Middlewares/ST/NDEF/source/poller/ndef_t2t.c:159:19:ndefT2TPollerReadBlock	32	static
C:/Users/lenat/STM32CubeIDE/workspace_1.18.1/STEVAL-25R3916B_V2.1.0/Middlewares/ST/NDEF/source/poller/ndef_t2t.c:754:19:ndefT2TPollerWriteBlock	24	static
C:/Users/lenat/STM32CubeIDE/workspace_1.18.1/STEVAL-25R3916B_V2.1.0/Middlewares/ST/NDEF/source/poller/ndef_t2t.c:203:12:ndefT2TPollerReadBytes	48	static
C:/Users/lenat/STM32CubeIDE/workspace_1.18.1/STEVAL-25R3916B_V2.1.0/Middlewares/ST/NDEF/source/poller/ndef_t2t.c:326:19:ndefT2TPollerReadBytesFromAvailableAreas	64	static
C:/Users/lenat/STM32CubeIDE/workspace_1.18.1/STEVAL-25R3916B_V2.1.0/Middlewares/ST/NDEF/source/poller/ndef_t2t.c:430:12:ndefT2TPollerContextInitialization	16	static
C:/Users/lenat/STM32CubeIDE/workspace_1.18.1/STEVAL-25R3916B_V2.1.0/Middlewares/ST/NDEF/source/poller/ndef_t2t.c:448:12:ndefT2TPollerNdefDetect	72	static
C:/Users/lenat/STM32CubeIDE/workspace_1.18.1/STEVAL-25R3916B_V2.1.0/Middlewares/ST/NDEF/source/poller/ndef_t2t.c:709:12:ndefT2TPollerReadRawMessage	48	static
C:/Users/lenat/STM32CubeIDE/workspace_1.18.1/STEVAL-25R3916B_V2.1.0/Middlewares/ST/NDEF/source/poller/ndef_t2t.c:790:12:ndefT2TPollerWriteBytes	72	static
C:/Users/lenat/STM32CubeIDE/workspace_1.18.1/STEVAL-25R3916B_V2.1.0/Middlewares/ST/NDEF/source/poller/ndef_t2t.c:875:19:ndefT2TPollerWriteBytesToAvailableAreas	72	static
C:/Users/lenat/STM32CubeIDE/workspace_1.18.1/STEVAL-25R3916B_V2.1.0/Middlewares/ST/NDEF/source/poller/ndef_t2t.c:925:12:ndefT2TPollerWriteRawMessageLen	32	static
C:/Users/lenat/STM32CubeIDE/workspace_1.18.1/STEVAL-25R3916B_V2.1.0/Middlewares/ST/NDEF/source/poller/ndef_t2t.c:1043:12:ndefT2TPollerTagFormat	24	static
C:/Users/lenat/STM32CubeIDE/workspace_1.18.1/STEVAL-25R3916B_V2.1.0/Middlewares/ST/NDEF/source/poller/ndef_t2t.c:1098:12:ndefT2TPollerCheckPresence	8	static
C:/Users/lenat/STM32CubeIDE/workspace_1.18.1/STEVAL-25R3916B_V2.1.0/Middlewares/ST/NDEF/source/poller/ndef_t2t.c:1120:12:ndefT2TPollerCheckAvailableSpace	0	static
C:/Users/lenat/STM32CubeIDE/workspace_1.18.1/STEVAL-25R3916B_V2.1.0/Middlewares/ST/NDEF/source/poller/ndef_t2t.c:1144:12:ndefT2TPollerBeginWriteMessage	16	static
C:/Users/lenat/STM32CubeIDE/workspace_1.18.1/STEVAL-25R3916B_V2.1.0/Middlewares/ST/NDEF/source/poller/ndef_t2t.c:1179:12:ndefT2TPollerEndWriteMessage	24	static
C:/Users/lenat/STM32CubeIDE/workspace_1.18.1/STEVAL-25R3916B_V2.1.0/Middlewares/ST/NDEF/source/poller/ndef_t2t.c:981:12:ndefT2TPollerWriteRawMessage	32	static
C:/Users/lenat/STM32CubeIDE/workspace_1.18.1/STEVAL-25R3916B_V2.1.0/Middlewares/ST/NDEF/source/poller/ndef_t2t.c:1207:12:ndefT2TPollerSetReadOnly	88	static
