C:/Users/lenat/STM32CubeIDE/workspace_1.18.1/STEVAL-25R3916B_V2.1.0/Middlewares/ST/NDEF/source/message/ndef_record.c:123:10:ndefRecordGetHeaderLength	0	static
C:/Users/lenat/STM32CubeIDE/workspace_1.18.1/STEVAL-25R3916B_V2.1.0/Middlewares/ST/NDEF/source/message/ndef_record.c:166:12:ndefRecordSetType	0	static
C:/Users/lenat/STM32CubeIDE/workspace_1.18.1/STEVAL-25R3916B_V2.1.0/Middlewares/ST/NDEF/source/message/ndef_record.c:184:12:ndefRecordGetType	0	static
C:/Users/lenat/STM32CubeIDE/workspace_1.18.1/STEVAL-25R3916B_V2.1.0/Middlewares/ST/NDEF/source/message/ndef_record.c:208:6:ndefRecordTypeMatch	8	static
C:/Users/lenat/STM32CubeIDE/workspace_1.18.1/STEVAL-25R3916B_V2.1.0/Middlewares/ST/NDEF/source/message/ndef_record.c:227:12:ndefRecordSetId	0	static
C:/Users/lenat/STM32CubeIDE/workspace_1.18.1/STEVAL-25R3916B_V2.1.0/Middlewares/ST/NDEF/source/message/ndef_record.c:252:12:ndefRecordGetId	0	static
C:/Users/lenat/STM32CubeIDE/workspace_1.18.1/STEVAL-25R3916B_V2.1.0/Middlewares/ST/NDEF/source/message/ndef_record.c:267:12:ndefRecordSetPayload	0	static
C:/Users/lenat/STM32CubeIDE/workspace_1.18.1/STEVAL-25R3916B_V2.1.0/Middlewares/ST/NDEF/source/message/ndef_record.c:74:12:ndefRecordReset	24	static
C:/Users/lenat/STM32CubeIDE/workspace_1.18.1/STEVAL-25R3916B_V2.1.0/Middlewares/ST/NDEF/source/message/ndef_record.c:103:12:ndefRecordInit	24	static
C:/Users/lenat/STM32CubeIDE/workspace_1.18.1/STEVAL-25R3916B_V2.1.0/Middlewares/ST/NDEF/source/message/ndef_record.c:285:12:ndefRecordGetPayload	0	static
C:/Users/lenat/STM32CubeIDE/workspace_1.18.1/STEVAL-25R3916B_V2.1.0/Middlewares/ST/NDEF/source/message/ndef_record.c:300:12:ndefRecordDecode	16	static
C:/Users/lenat/STM32CubeIDE/workspace_1.18.1/STEVAL-25R3916B_V2.1.0/Middlewares/ST/NDEF/source/message/ndef_record.c:577:10:ndefRecordGetPayloadLength	8	static
C:/Users/lenat/STM32CubeIDE/workspace_1.18.1/STEVAL-25R3916B_V2.1.0/Middlewares/ST/NDEF/source/message/ndef_record.c:154:10:ndefRecordGetLength	16	static
C:/Users/lenat/STM32CubeIDE/workspace_1.18.1/STEVAL-25R3916B_V2.1.0/Middlewares/ST/NDEF/source/message/ndef_record.c:420:12:ndefRecordEncodeHeader	16	static
C:/Users/lenat/STM32CubeIDE/workspace_1.18.1/STEVAL-25R3916B_V2.1.0/Middlewares/ST/NDEF/source/message/ndef_record.c:600:16:ndefRecordGetPayloadItem	16	static
C:/Users/lenat/STM32CubeIDE/workspace_1.18.1/STEVAL-25R3916B_V2.1.0/Middlewares/ST/NDEF/source/message/ndef_record.c:518:12:ndefRecordEncode	48	static
